         U abort@GLIBC_2.4
         U accept@GLIBC_2.4
         U __aeabi_atexit@CXXABI_ARM_1.3.3
         U __aeabi_idiv@GCC_3.5
         U __aeabi_idivmod@GCC_3.5
         U __aeabi_unwind_cpp_pr1@GCC_3.5
0001bec0 r all_implied_fbits
0001c7c4 r all_implied_fbits
0002e42c B ASYNC_BUFSIZE
0002e52c B bDB
         U bind@GLIBC_2.4
         U BIO_ctrl@OPENSSL_1_1_0
         U BIO_f_base64@OPENSSL_1_1_0
         U BIO_free_all@OPENSSL_1_1_0
         U BIO_new_mem_buf@OPENSSL_1_1_0
         U BIO_new@OPENSSL_1_1_0
         U BIO_push@OPENSSL_1_1_0
         U BIO_read@OPENSSL_1_1_0
         U BIO_s_mem@OPENSSL_1_1_0
         U BIO_write@OPENSSL_1_1_0
0002e598 B __bss_end__
0002e598 B _bss_end__
0002e364 B __bss_start
0002e364 B __bss_start__
         U calloc@GLIBC_2.4
00013428 t call_weak_fn
0002e524 B CID
0002e424 B CID_size
0002e50c B CID_size_D
         U clock@GLIBC_2.4
         U close@GLIBC_2.4
0002e428 B CMD_HDR_SIZE
0002e500 B CMD_HDR_SIZE_D
0002e410 b completed.0
         U __cxa_begin_catch@CXXABI_1.3
         U __cxa_end_catch@CXXABI_1.3
         U __cxa_end_cleanup@CXXABI_1.3
         U __cxa_rethrow@CXXABI_1.3
         U __cxa_throw_bad_array_new_length@CXXABI_1.3.8
0002e29c D __data_start
0002e29c W data_start
0002e4e4 B DB_database
0002e4d8 B DB_IP
0002e4e0 B DB_password
0002e4dc B DB_user
0002e49c B de
0001344c t deregister_tm_clones
000134b0 t __do_global_dtors_aux
0002dee4 d __do_global_dtors_aux_fini_array_entry
0002e2a0 D __dso_handle
0002dee8 d _DYNAMIC
0002e364 D _edata
0002e498 B en
0002e598 B __end__
0002e598 B _end
         U __errno_location@GLIBC_2.4
         U EVP_aes_256_cbc@OPENSSL_1_1_0
         U EVP_BytesToKey@OPENSSL_1_1_0
         U EVP_CIPHER_CTX_new@OPENSSL_1_1_0
         U EVP_CIPHER_CTX_reset@OPENSSL_1_1_0
         U EVP_DecryptFinal_ex@OPENSSL_1_1_0
         U EVP_DecryptInit_ex@OPENSSL_1_1_0
         U EVP_DecryptUpdate@OPENSSL_1_1_0
         U EVP_DigestSignFinal@OPENSSL_1_1_0
         U EVP_DigestSignInit@OPENSSL_1_1_0
         U EVP_EncryptFinal_ex@OPENSSL_1_1_0
         U EVP_EncryptInit_ex@OPENSSL_1_1_0
         U EVP_EncryptUpdate@OPENSSL_1_1_0
         U EVP_MD_CTX_free@OPENSSL_1_1_0
         U EVP_MD_CTX_new@OPENSSL_1_1_0
         U EVP_PKEY_assign@OPENSSL_1_1_0
         U EVP_PKEY_new@OPENSSL_1_1_0
         U EVP_sha1@OPENSSL_1_1_0
         U EVP_sha256@OPENSSL_1_1_0
         U exit@GLIBC_2.4
         U fclose@GLIBC_2.4
         U fflush@GLIBC_2.4
0002e528 B file
0001beb4 T _fini
         U fopen@GLIBC_2.4
0002e510 B for_res_packet
         U fprintf@GLIBC_2.4
000134d8 t frame_dummy
0002ded4 d __frame_dummy_init_array_entry
0001d298 r __FRAME_END__
         U free@GLIBC_2.4
         U ftime@GLIBC_2.4
         U fwrite@GLIBC_2.4
         U getpid@GLIBC_2.4
0002e000 d _GLOBAL_OFFSET_TABLE_
0001ba0c t _GLOBAL__sub_I_DB_IP
00019134 t _GLOBAL__sub_I_main
00017470 t _GLOBAL__sub_I_SERVER_PORT
         w __gmon_start__
0002e48c B g_pNetwork
         U __gxx_personality_v0@CXXABI_1.3
0002e51c B Hash
0002e41c B Hash_size
0002e504 B Hash_size_D
         U htonl@GLIBC_2.4
         U htons@GLIBC_2.4
00012c28 T _init
0002dee4 d __init_array_end
0002ded4 d __init_array_start
0001bebc R _IO_stdin_used
         w _ITM_deregisterTMCloneTable
         w _ITM_registerTMCloneTable
0002e458 B key_threshold
0001beb0 T __libc_csu_fini
0001be50 T __libc_csu_init
         U __libc_start_main@GLIBC_2.4
         U listen@GLIBC_2.4
         U localtime_r@GLIBC_2.4
00019064 T main
         U malloc@GLIBC_2.4
0002e430 B MAX_USER_CNT
         U memcmp@GLIBC_2.4
         U memcpy@GLIBC_2.4
         U memset@GLIBC_2.4
         U mkdir@GLIBC_2.4
         U mysql_close@libmysqlclient_18
         U mysql_error@libmysqlclient_18
         U mysql_fetch_row@libmysqlclient_18
         U mysql_free_result@libmysqlclient_18
         U mysql_init@libmysqlclient_18
         U mysql_query@libmysqlclient_18
         U mysql_real_connect@libmysqlclient_18
         U mysql_use_result@libmysqlclient_18
         U nanosleep@GLIBC_2.4
0002e454 B num_of_share
0002e2ac D parser_desp
         U PEM_read_bio_RSAPrivateKey@OPENSSL_1_1_0
         U PEM_read_bio_RSA_PUBKEY@OPENSSL_1_1_0
         U PEM_write_bio_RSAPrivateKey@OPENSSL_1_1_0
         U PEM_write_bio_RSA_PUBKEY@OPENSSL_1_1_0
0002e2a8 D p_packet
0002e438 B prikeyfile_path
         U printf@GLIBC_2.4
         U pthread_create@GLIBC_2.4
         U pthread_detach@GLIBC_2.4
         U pthread_join@GLIBC_2.4
         w __pthread_key_create@GLIBC_2.4
         U pthread_mutex_init@GLIBC_2.4
         w pthread_mutex_trylock@GLIBC_2.4
         w pthread_mutex_unlock@GLIBC_2.4
         U pthread_self@GLIBC_2.4
0002e434 B pubkeyfile_path
         U rand@GLIBC_2.4
0002e518 B recv_buf
         U recv@GLIBC_2.4
00013478 t register_tm_clones
         U RSA_generate_key@OPENSSL_1_1_0
         U select@GLIBC_2.4
0002e490 B sendDataPacket
         U send@GLIBC_2.4
0002e414 B SERVER_PORT
         U setsockopt@GLIBC_2.4
0002e520 B Signed_Hash
0002e420 B Signed_Hash_size
0002e508 B Signed_Hash_size_D
         U sleep@GLIBC_2.4
         U socket@GLIBC_2.4
         U sprintf@GLIBC_2.4
         U srand@GLIBC_2.4
000133ec T _start
0002e370 B stderr@GLIBC_2.4
0002e40c B stdout@GLIBC_2.4
0002e418 B storage_dir
         U strcpy@GLIBC_2.4
         U strcspn@GLIBC_2.4
         U strdup@GLIBC_2.4
         U strerror@GLIBC_2.4
         U strftime@GLIBC_2.4
         U strlen@GLIBC_2.4
         U strspn@GLIBC_2.4
         U strtol@GLIBC_2.4
         U time@GLIBC_2.4
0002e364 D __TMC_END__
         U usleep@GLIBC_2.4
0001b57c T _Z10cmd_parser7IO_PORTP12HEADERPACKET
00016f00 T _Z10initServerv
00015ba8 T _Z10makePackethhhj
00019728 T _Z10mkdir_funcNSt7__cxx1112basic_stringIcSt11char_traitsIcESaIcEEE
000148f8 T _Z10modInversei
0002e45c B _Z10privateKeyB5cxx11
000171a4 T _Z10termServerv
00013f60 T _Z11aes_decryptP17evp_cipher_ctx_stPhPi
00013e9c T _Z11aes_encryptP17evp_cipher_ctx_stPhPi
00016398 T _Z11bind_socketji
00017320 T _Z11closesocketj
00015a80 T _Z11insert_portii
000149d8 T _Z11join_sharesPii
00019150 T _Z11Read_DB_cfgv
00016138 T _Z11recv_binaryP7IO_PORTlPv
000144e0 T _Z11seed_randomv
00015f78 T _Z11send_binaryP7IO_PORTlPv
00014220 T _Z11signMessageNSt7__cxx1112basic_stringIcSt11char_traitsIcESaIcEEES4_
0001a738 T _Z11term_socketP12HEADERPACKETP7IO_PORT
00014150 T _Z12Base64EncodePKhjPPc
0001b1f8 T _Z12generate_aesP12HEADERPACKETP7IO_PORT
00013c38 T _Z12genPublicRSAP6rsa_st
00014e08 T _Z12join_stringsPPci
000145f8 T _Z12split_numberiii
00014b8c T _Z12split_stringPcii
0001624c T _Z13create_socketv
00013b64 T _Z13genPrivateRSAv
0001b318 T _Z13share_requestP12HEADERPACKETP7IO_PORT
0002e43c B _Z13Symmetric_keyB5cxx11
00013ccc T _Z14key_generationv
0001a59c T _Z14reshape_bufferii
0001b340 T _Z14share_responseP12HEADERPACKETP7IO_PORT
0001b148 T _Z14verify_requestP12HEADERPACKETP7IO_PORT
00013aec T _Z15createPublicRSANSt7__cxx1112basic_stringIcSt11char_traitsIcESaIcEEE
0001b2f0 T _Z15generate_sharesP12HEADERPACKETP7IO_PORT
00015630 T _Z15generate_sharesv
0001a524 T _Z15make_res_Packethhhj
0001b1d0 T _Z15prover_responseP12HEADERPACKETP7IO_PORT
00013518 T _Z15Read_server_cfgv
0001b170 T _Z15verify_responseP12HEADERPACKETP7IO_PORT
0001ad3c T _Z15video_data_sendP12HEADERPACKETP7IO_PORT
00013a74 T _Z16createPrivateRSANSt7__cxx1112basic_stringIcSt11char_traitsIcESaIcEEE
0001a828 T _Z16nice_to_meet_youP12HEADERPACKETP7IO_PORT
0001b198 T _Z16verify_to_proverP12HEADERPACKETP7IO_PORT
00014d9c T _Z18free_string_sharesPPci
0001a874 T _Z18public_key_requestP12HEADERPACKETP7IO_PORT
0001ace0 T _Z19public_key_responseP12HEADERPACKETP7IO_PORT
0001b0fc T _Z19video_data_responseP12HEADERPACKETP7IO_PORT
0001b408 T _Z20encrypt_data_requestP12HEADERPACKETP7IO_PORT
0001b368 T _Z21another_share_requestP12HEADERPACKETP7IO_PORT
0001b430 T _Z21encrypt_data_responseP12HEADERPACKETP7IO_PORT
0001b390 T _Z22another_share_responseP12HEADERPACKETP7IO_PORT
0001b458 T _Z22decrypt_data_at_serverP12HEADERPACKETP7IO_PORT
0001b3e0 T _Z22encrypt_data_at_loggerP12HEADERPACKETP7IO_PORT
0001b3b8 T _Z22generate_key_at_loggerP12HEADERPACKETP7IO_PORT
00015174 T _Z22generate_share_stringsPcii
00014538 T _Z22modular_exponentiationiii
00015268 T _Z24trim_trailing_whitespacePc
000155f0 T _Z2cpNSt7__cxx1112basic_stringIcSt11char_traitsIcESaIcEEE
00015354 T _Z33extract_secret_from_share_stringsPKc
000142e0 T _Z3mixmmm
00017348 t _Z41__static_initialization_and_destruction_0ii
000190d0 t _Z41__static_initialization_and_destruction_0ii
0001b8d0 t _Z41__static_initialization_and_destruction_0ii
000147d8 T _Z4gcdDii
0001b480 T _Z4testP12HEADERPACKETP7IO_PORT
0002e57c B _Z5s_dirB5cxx11
000158c0 T _Z6getCIDB5cxx11v
0001a7b0 T _Z7hi_i_amP12HEADERPACKETP7IO_PORT
00014020 T _Z7RSASignP6rsa_stPKhjPPhPj
00013dac T _Z8aes_initPhiS_P17evp_cipher_ctx_stS1_S_S_
00015b3c T _Z8pop_porti
0002e4e8 B _Z9image_dirB5cxx11
0002e474 B _Z9publicKeyB5cxx11
00015514 T _Z9strtok_rrPcPKcPS_
         U _ZdlPvj@CXXABI_1.3.9
000174b4 W _ZdlPvS_
000134dc t _ZL18__gthread_active_pv
0001652c t _ZL19ClientServiceThreadPv
00017528 t _ZL22__gthread_mutex_unlockP15pthread_mutex_t
000174d8 t _ZL23__gthread_mutex_trylockP15pthread_mutex_t
0002e2a4 d _ZL5prime
00015dac t _ZL6__recvP7IO_PORTPvi
00015c20 t _ZL6__sendP7IO_PORTPvi
00016a08 t _ZL9listenThdPv
0001a374 T _ZN13bout_database11print_queryEv
00019980 T _ZN13bout_database12initDatabaseEP7db_user
00019b60 T _ZN13bout_database15select_databaseEPcRNSt7__cxx1112basic_stringIcSt11char_traitsIcESaIcEEES7_S7_
0001a008 T _ZN13bout_database15update_databaseENSt7__cxx1112basic_stringIcSt11char_traitsIcESaIcEEES5_S5_S5_
0001a290 T _ZN13bout_database17get_latest_key_IDB5cxx11Ev
00019c64 T _ZN13bout_database17insert_video_dataEPcS0_S0_
00019e7c T _ZN13bout_database18insert_pk_databaseENSt7__cxx1112basic_stringIcSt11char_traitsIcESaIcEEES5_Pc
00019ab0 T _ZN13bout_database19mysql_perform_queryEP8st_mysqlPc
000199f4 T _ZN13bout_database22mysql_connection_setupE7db_user
00019808 T _ZN13bout_databaseC1Ev
00019808 T _ZN13bout_databaseC2Ev
00019920 T _ZN13bout_databaseD1Ev
00019920 T _ZN13bout_databaseD2Ev
         U _ZN4Json15parseFromStreamERKNS_10CharReader7FactoryERSiPNS_5ValueEPNSt7__cxx1112basic_stringIcSt11char_traitsIcESaIcEEE
         U _ZN4Json17CharReaderBuilderC1Ev
         U _ZN4Json17CharReaderBuilderD1Ev
         U _ZN4Json17CharReaderBuilderixERKNSt7__cxx1112basic_stringIcSt11char_traitsIcESaIcEEE
         U _ZN4Json5ValueaSEOS0_
         U _ZN4Json5ValueC1Eb
         U _ZN4Json5ValueC1ENS_9ValueTypeE
         U _ZN4Json5ValueD1Ev
         U _ZN4Json5ValueixEPKc
00018724 W _ZN9__gnu_cxx13new_allocatorINSt7__cxx1112basic_stringIcSt11char_traitsIcESaIcEEEE10deallocateEPS6_j
00018980 W _ZN9__gnu_cxx13new_allocatorINSt7__cxx1112basic_stringIcSt11char_traitsIcESaIcEEEE7destroyIS6_EEvPT_
00018a68 W _ZN9__gnu_cxx13new_allocatorINSt7__cxx1112basic_stringIcSt11char_traitsIcESaIcEEEE8allocateEjPKv
0001845c W _ZN9__gnu_cxx13new_allocatorINSt7__cxx1112basic_stringIcSt11char_traitsIcESaIcEEEE9constructIS6_JRKS6_EEEvPT_DpOT0_
00018fec W _ZN9__gnu_cxx13new_allocatorINSt7__cxx1112basic_stringIcSt11char_traitsIcESaIcEEEE9constructIS6_JS6_EEEvPT_DpOT0_
000183b4 W _ZN9__gnu_cxx13new_allocatorINSt7__cxx1112basic_stringIcSt11char_traitsIcESaIcEEEEC1Ev
000183b4 W _ZN9__gnu_cxx13new_allocatorINSt7__cxx1112basic_stringIcSt11char_traitsIcESaIcEEEEC2Ev
00017d68 W _ZN9__gnu_cxx13new_allocatorINSt7__cxx1112basic_stringIcSt11char_traitsIcESaIcEEEED1Ev
00017d68 W _ZN9__gnu_cxx13new_allocatorINSt7__cxx1112basic_stringIcSt11char_traitsIcESaIcEEEED2Ev
0001bdf4 W _ZN9__gnu_cxx14__alloc_traitsISaIcEcE17_S_select_on_copyERKS1_
000181fc W _ZN9__gnu_cxx17__normal_iteratorIPNSt7__cxx1112basic_stringIcSt11char_traitsIcESaIcEEESt6vectorIS6_SaIS6_EEEC1ERKS7_
000181fc W _ZN9__gnu_cxx17__normal_iteratorIPNSt7__cxx1112basic_stringIcSt11char_traitsIcESaIcEEESt6vectorIS6_SaIS6_EEEC2ERKS7_
000179bc W _ZN9__gnu_cxx17__normal_iteratorIPNSt7__cxx1112basic_stringIcSt11char_traitsIcESaIcEEESt6vectorIS6_SaIS6_EEEppEi
0001bf6c r _ZN9__gnu_cxxL21__default_lock_policyE
0001c38c r _ZN9__gnu_cxxL21__default_lock_policyE
0001c3b0 r _ZN9__gnu_cxxL21__default_lock_policyE
000185a4 W _ZN9__gnu_cxxmiIPNSt7__cxx1112basic_stringIcSt11char_traitsIcESaIcEEESt6vectorIS6_SaIS6_EEEENS_17__normal_iteratorIT_T0_E15difference_typeERKSE_SH_
0001796c W _ZN9__gnu_cxxneIPNSt7__cxx1112basic_stringIcSt11char_traitsIcESaIcEEESt6vectorIS6_SaIS6_EEEEbRKNS_17__normal_iteratorIT_T0_EESG_
         U _Znaj@GLIBCXX_3.4
         U _ZNK4Json5Value5asIntEv
         U _ZNK4Json5Value8asStringB5cxx11Ev
00018c28 W _ZNK9__gnu_cxx13new_allocatorINSt7__cxx1112basic_stringIcSt11char_traitsIcESaIcEEEE11_M_max_sizeEv
00018ddc W _ZNK9__gnu_cxx13new_allocatorINSt7__cxx1112basic_stringIcSt11char_traitsIcESaIcEEEE8max_sizeEv
00018234 W _ZNK9__gnu_cxx17__normal_iteratorIPNSt7__cxx1112basic_stringIcSt11char_traitsIcESaIcEEESt6vectorIS6_SaIS6_EEE4baseEv
00017a0c W _ZNK9__gnu_cxx17__normal_iteratorIPNSt7__cxx1112basic_stringIcSt11char_traitsIcESaIcEEESt6vectorIS6_SaIS6_EEEdeEv
00018a44 W _ZNKSt12_Vector_baseINSt7__cxx1112basic_stringIcSt11char_traitsIcESaIcEEESaIS5_EE19_M_get_Tp_allocatorEv
0001903c W _ZNKSt13move_iteratorIPNSt7__cxx1112basic_stringIcSt11char_traitsIcESaIcEEEE4baseEv
00018ecc W _ZNKSt13move_iteratorIPNSt7__cxx1112basic_stringIcSt11char_traitsIcESaIcEEEEdeEv
00017578 W _ZNKSt6chrono8durationIxSt5ratioILx1ELx1000000000EEE5countEv
00017710 W _ZNKSt6chrono8durationIxSt5ratioILx1ELx1EEE5countEv
000184bc W _ZNKSt6vectorINSt7__cxx1112basic_stringIcSt11char_traitsIcESaIcEEESaIS5_EE12_M_check_lenEjPKc
000187f4 W _ZNKSt6vectorINSt7__cxx1112basic_stringIcSt11char_traitsIcESaIcEEESaIS5_EE4sizeEv
000187bc W _ZNKSt6vectorINSt7__cxx1112basic_stringIcSt11char_traitsIcESaIcEEESaIS5_EE8max_sizeEv
         U _ZNKSt7__cxx1112basic_stringIcSt11char_traitsIcESaIcEE13get_allocatorEv@GLIBCXX_3.4.21
         U _ZNKSt7__cxx1112basic_stringIcSt11char_traitsIcESaIcEE4sizeEv@GLIBCXX_3.4.21
         U _ZNKSt7__cxx1112basic_stringIcSt11char_traitsIcESaIcEE5c_strEv@GLIBCXX_3.4.21
         U _ZNKSt7__cxx1112basic_stringIcSt11char_traitsIcESaIcEE6lengthEv@GLIBCXX_3.4.21
         U _ZNKSt7__cxx1112basic_stringIcSt11char_traitsIcESaIcEE6substrEjj@GLIBCXX_3.4.21
         U _ZNKSt7__cxx1119basic_ostringstreamIcSt11char_traitsIcESaIcEE3strEv@GLIBCXX_3.4.21
         U _ZNKSt9basic_iosIcSt11char_traitsIcEEcvbEv@GLIBCXX_3.4.21
         U _ZNSaIcEC1ERKS_@GLIBCXX_3.4
         U _ZNSaIcEC1Ev@GLIBCXX_3.4
         U _ZNSaIcED1Ev@GLIBCXX_3.4
00017cf8 W _ZNSaINSt7__cxx1112basic_stringIcSt11char_traitsIcESaIcEEEEC1Ev
00017cf8 W _ZNSaINSt7__cxx1112basic_stringIcSt11char_traitsIcESaIcEEEEC2Ev
00017770 W _ZNSaINSt7__cxx1112basic_stringIcSt11char_traitsIcESaIcEEEED1Ev
00017770 W _ZNSaINSt7__cxx1112basic_stringIcSt11char_traitsIcESaIcEEEED2Ev
         U _ZNSolsEi@GLIBCXX_3.4
         U _ZNSolsEj@GLIBCXX_3.4
         U _ZNSolsEPFRSoS_E@GLIBCXX_3.4
         U _ZNSolsEPFRSt8ios_baseS0_E@GLIBCXX_3.4
         U _ZNSolsEt@GLIBCXX_3.4
0001ba28 W _ZNSt11char_traitsIcE6lengthEPKc
00017bd4 W _ZNSt11this_thread9sleep_forIxSt5ratioILx1ELx1EEEEvRKNSt6chrono8durationIT_T0_EE
00018768 W _ZNSt12_Destroy_auxILb0EE9__destroyIPNSt7__cxx1112basic_stringIcSt11char_traitsIcESaIcEEEEEvT_S9_
00018618 W _ZNSt12_Vector_baseINSt7__cxx1112basic_stringIcSt11char_traitsIcESaIcEEESaIS5_EE11_M_allocateEj
0001773c W _ZNSt12_Vector_baseINSt7__cxx1112basic_stringIcSt11char_traitsIcESaIcEEESaIS5_EE12_Vector_implC1Ev
0001773c W _ZNSt12_Vector_baseINSt7__cxx1112basic_stringIcSt11char_traitsIcESaIcEEESaIS5_EE12_Vector_implC2Ev
00017690 W _ZNSt12_Vector_baseINSt7__cxx1112basic_stringIcSt11char_traitsIcESaIcEEESaIS5_EE12_Vector_implD1Ev
00017690 W _ZNSt12_Vector_baseINSt7__cxx1112basic_stringIcSt11char_traitsIcESaIcEEESaIS5_EE12_Vector_implD2Ev
00017d8c W _ZNSt12_Vector_baseINSt7__cxx1112basic_stringIcSt11char_traitsIcESaIcEEESaIS5_EE13_M_deallocateEPS5_j
00017d20 W _ZNSt12_Vector_baseINSt7__cxx1112basic_stringIcSt11char_traitsIcESaIcEEESaIS5_EE17_Vector_impl_dataC1Ev
00017d20 W _ZNSt12_Vector_baseINSt7__cxx1112basic_stringIcSt11char_traitsIcESaIcEEESaIS5_EE17_Vector_impl_dataC2Ev
00017dd0 W _ZNSt12_Vector_baseINSt7__cxx1112basic_stringIcSt11char_traitsIcESaIcEEESaIS5_EE19_M_get_Tp_allocatorEv
000176b8 W _ZNSt12_Vector_baseINSt7__cxx1112basic_stringIcSt11char_traitsIcESaIcEEESaIS5_EEC1Ev
000176b8 W _ZNSt12_Vector_baseINSt7__cxx1112basic_stringIcSt11char_traitsIcESaIcEEESaIS5_EEC2Ev
00017798 W _ZNSt12_Vector_baseINSt7__cxx1112basic_stringIcSt11char_traitsIcESaIcEEESaIS5_EED1Ev
00017798 W _ZNSt12_Vector_baseINSt7__cxx1112basic_stringIcSt11char_traitsIcESaIcEEESaIS5_EED2Ev
00018b38 W _ZNSt13move_iteratorIPNSt7__cxx1112basic_stringIcSt11char_traitsIcESaIcEEEEC1ES6_
00018b38 W _ZNSt13move_iteratorIPNSt7__cxx1112basic_stringIcSt11char_traitsIcESaIcEEEEC2ES6_
00018e94 W _ZNSt13move_iteratorIPNSt7__cxx1112basic_stringIcSt11char_traitsIcESaIcEEEEppEv
         U _ZNSt14basic_ifstreamIcSt11char_traitsIcEEC1EPKcSt13_Ios_Openmode@GLIBCXX_3.4
         U _ZNSt14basic_ifstreamIcSt11char_traitsIcEED1Ev@GLIBCXX_3.4
0001be24 W _ZNSt16allocator_traitsISaIcEE37select_on_container_copy_constructionERKS0_
000183d8 W _ZNSt16allocator_traitsISaINSt7__cxx1112basic_stringIcSt11char_traitsIcESaIcEEEEE10deallocateERS6_PS5_j
000186f8 W _ZNSt16allocator_traitsISaINSt7__cxx1112basic_stringIcSt11char_traitsIcESaIcEEEEE7destroyIS5_EEvRS6_PT_
000188a0 W _ZNSt16allocator_traitsISaINSt7__cxx1112basic_stringIcSt11char_traitsIcESaIcEEEEE8allocateERS6_j
00018bb8 W _ZNSt16allocator_traitsISaINSt7__cxx1112basic_stringIcSt11char_traitsIcESaIcEEEEE8max_sizeERKS6_
00017e24 W _ZNSt16allocator_traitsISaINSt7__cxx1112basic_stringIcSt11char_traitsIcESaIcEEEEE9constructIS5_JRKS5_EEEvRS6_PT_DpOT0_
00018f40 W _ZNSt16allocator_traitsISaINSt7__cxx1112basic_stringIcSt11char_traitsIcESaIcEEEEE9constructIS5_JS5_EEEvRS6_PT_DpOT0_
00018d20 W _ZNSt20__uninitialized_copyILb0EE13__uninit_copyISt13move_iteratorIPNSt7__cxx1112basic_stringIcSt11char_traitsIcESaIcEEEES9_EET0_T_SC_SB_
0001763c W _ZNSt5mutex6unlockEv
00017600 W _ZNSt5mutex8try_lockEv
00017b20 W _ZNSt6chrono13duration_castINS_8durationIxSt5ratioILx1ELx1000000000EEEExS2_ILx1ELx1EEEENSt9enable_ifIXsrNS_13__is_durationIT_EE5valueES8_E4typeERKNS1_IT0_T1_EE
00017aec W _ZNSt6chrono13duration_castINS_8durationIxSt5ratioILx1ELx1EEEExS3_EENSt9enable_ifIXsrNS_13__is_durationIT_EE5valueES7_E4typeERKNS1_IT0_T1_EE
000175dc W _ZNSt6chrono15duration_valuesIxE4zeroEv
00018348 W _ZNSt6chrono20__duration_cast_implINS_8durationIxSt5ratioILx1ELx1000000000EEEES2_ILx1000000000ELx1EExLb0ELb1EE6__castIxS2_ILx1ELx1EEEES4_RKNS1_IT_T0_EE
00018304 W _ZNSt6chrono20__duration_cast_implINS_8durationIxSt5ratioILx1ELx1EEEES3_xLb1ELb1EE6__castIxS3_EES4_RKNS1_IT_T0_EE
000175a4 W _ZNSt6chrono8durationIxSt5ratioILx1ELx1000000000EEEC1IxvEERKT_
00017ab0 W _ZNSt6chrono8durationIxSt5ratioILx1ELx1EEE4zeroEv
00017a34 W _ZNSt6chrono8durationIxSt5ratioILx1ELx1EEEC1IivEERKT_
000182cc W _ZNSt6chrono8durationIxSt5ratioILx1ELx1EEEC1IxvEERKT_
00017a34 W _ZNSt6chrono8durationIxSt5ratioILx1ELx1EEEC2IivEERKT_
000182cc W _ZNSt6chrono8durationIxSt5ratioILx1ELx1EEEC2IxvEERKT_
00017a78 W _ZNSt6chronoleIxSt5ratioILx1ELx1EExS2_EEbRKNS_8durationIT_T0_EERKNS3_IT1_T2_EE
00018258 W _ZNSt6chronoltIxSt5ratioILx1ELx1EExS2_EEbRKNS_8durationIT_T0_EERKNS3_IT1_T2_EE
00017b54 W _ZNSt6chronomiIxSt5ratioILx1ELx1EExS2_EENSt11common_typeIJNS_8durationIT_T0_EENS4_IT1_T2_EEEE4typeERKS7_RKSA_
000189f0 W _ZNSt6vectorINSt7__cxx1112basic_stringIcSt11char_traitsIcESaIcEEESaIS5_EE11_S_max_sizeERKS6_
00018660 W _ZNSt6vectorINSt7__cxx1112basic_stringIcSt11char_traitsIcESaIcEEESaIS5_EE11_S_relocateEPS5_S8_S8_RS6_
000188d4 W _ZNSt6vectorINSt7__cxx1112basic_stringIcSt11char_traitsIcESaIcEEESaIS5_EE14_S_do_relocateEPS5_S8_S8_RS6_St17integral_constantIbLb1EE
00017e64 W _ZNSt6vectorINSt7__cxx1112basic_stringIcSt11char_traitsIcESaIcEEESaIS5_EE15_S_use_relocateEv
00017eac W _ZNSt6vectorINSt7__cxx1112basic_stringIcSt11char_traitsIcESaIcEEESaIS5_EE17_M_realloc_insertIJRKS5_EEEvN9__gnu_cxx17__normal_iteratorIPS5_S7_EEDpOT_
00017e88 W _ZNSt6vectorINSt7__cxx1112basic_stringIcSt11char_traitsIcESaIcEEESaIS5_EE19_S_nothrow_relocateESt17integral_constantIbLb1EE
00017934 W _ZNSt6vectorINSt7__cxx1112basic_stringIcSt11char_traitsIcESaIcEEESaIS5_EE3endEv
00017900 W _ZNSt6vectorINSt7__cxx1112basic_stringIcSt11char_traitsIcESaIcEEESaIS5_EE5beginEv
0001787c W _ZNSt6vectorINSt7__cxx1112basic_stringIcSt11char_traitsIcESaIcEEESaIS5_EE9push_backERKS5_
000176e4 W _ZNSt6vectorINSt7__cxx1112basic_stringIcSt11char_traitsIcESaIcEEESaIS5_EEC1Ev
000176e4 W _ZNSt6vectorINSt7__cxx1112basic_stringIcSt11char_traitsIcESaIcEEESaIS5_EEC2Ev
00017820 W _ZNSt6vectorINSt7__cxx1112basic_stringIcSt11char_traitsIcESaIcEEESaIS5_EED1Ev
00017820 W _ZNSt6vectorINSt7__cxx1112basic_stringIcSt11char_traitsIcESaIcEEESaIS5_EED2Ev
         U _ZNSt7__cxx1112basic_stringIcSt11char_traitsIcESaIcEE6appendEPKc@GLIBCXX_3.4.21
         U _ZNSt7__cxx1112basic_stringIcSt11char_traitsIcESaIcEE6appendEPKcj@GLIBCXX_3.4.21
         U _ZNSt7__cxx1112basic_stringIcSt11char_traitsIcESaIcEE6appendERKS4_@GLIBCXX_3.4.21
         U _ZNSt7__cxx1112basic_stringIcSt11char_traitsIcESaIcEE7reserveEj@GLIBCXX_3.4.21
         U _ZNSt7__cxx1112basic_stringIcSt11char_traitsIcESaIcEEaSEOS4_@GLIBCXX_3.4.21
         U _ZNSt7__cxx1112basic_stringIcSt11char_traitsIcESaIcEEaSEPKc@GLIBCXX_3.4.21
         U _ZNSt7__cxx1112basic_stringIcSt11char_traitsIcESaIcEEaSERKS4_@GLIBCXX_3.4.21
         U _ZNSt7__cxx1112basic_stringIcSt11char_traitsIcESaIcEEC1EOS4_@GLIBCXX_3.4.21
         U _ZNSt7__cxx1112basic_stringIcSt11char_traitsIcESaIcEEC1EPKcRKS3_@GLIBCXX_3.4.21
         U _ZNSt7__cxx1112basic_stringIcSt11char_traitsIcESaIcEEC1ERKS3_@GLIBCXX_3.4.21
         U _ZNSt7__cxx1112basic_stringIcSt11char_traitsIcESaIcEEC1ERKS4_@GLIBCXX_3.4.21
         U _ZNSt7__cxx1112basic_stringIcSt11char_traitsIcESaIcEEC1Ev@GLIBCXX_3.4.21
         U _ZNSt7__cxx1112basic_stringIcSt11char_traitsIcESaIcEED1Ev@GLIBCXX_3.4.21
         U _ZNSt7__cxx1119basic_istringstreamIcSt11char_traitsIcESaIcEE3strERKNS_12basic_stringIcS2_S3_EE@GLIBCXX_3.4.21
         U _ZNSt7__cxx1119basic_istringstreamIcSt11char_traitsIcESaIcEEC1Ev@GLIBCXX_3.4.26
         U _ZNSt7__cxx1119basic_istringstreamIcSt11char_traitsIcESaIcEED1Ev@GLIBCXX_3.4.21
         U _ZNSt7__cxx1119basic_ostringstreamIcSt11char_traitsIcESaIcEEC1Ev@GLIBCXX_3.4.26
         U _ZNSt7__cxx1119basic_ostringstreamIcSt11char_traitsIcESaIcEED1Ev@GLIBCXX_3.4.21
         U _ZNSt8ios_base4InitC1Ev@GLIBCXX_3.4
         U _ZNSt8ios_base4InitD1Ev@GLIBCXX_3.4
0001bb60 W _ZNSt8ios_base4setfESt13_Ios_FmtflagsS0_
         U _Znwj@GLIBCXX_3.4
0001748c W _ZnwjPv
00018ef4 W _ZSt10_ConstructINSt7__cxx1112basic_stringIcSt11char_traitsIcESaIcEEEJS5_EEvPT_DpOT0_
000189a8 W _ZSt11__addressofINSt7__cxx1112basic_stringIcSt11char_traitsIcESaIcEEEEPT_RS6_
00018c50 W _ZSt12__niter_baseIPNSt7__cxx1112basic_stringIcSt11char_traitsIcESaIcEEEET_S7_
00018ad8 W _ZSt12__relocate_aIPNSt7__cxx1112basic_stringIcSt11char_traitsIcESaIcEEES6_SaIS5_EET0_T_S9_S8_RT1_
00018c74 W _ZSt14__relocate_a_1IPNSt7__cxx1112basic_stringIcSt11char_traitsIcESaIcEEES6_SaIS5_EET0_T_S9_S8_RT1_
         U _ZSt17__throw_bad_allocv@GLIBCXX_3.4
00018b78 W _ZSt18uninitialized_copyISt13move_iteratorIPNSt7__cxx1112basic_stringIcSt11char_traitsIcESaIcEEEES7_ET0_T_SA_S9_
00018e04 W _ZSt19__relocate_object_aINSt7__cxx1112basic_stringIcSt11char_traitsIcESaIcEEES5_SaIS5_EEvPT_PT0_RT1_
         U _ZSt20__throw_length_errorPKc@GLIBCXX_3.4
00018944 W _ZSt22__uninitialized_copy_aISt13move_iteratorIPNSt7__cxx1112basic_stringIcSt11char_traitsIcESaIcEEEES7_S6_ET0_T_SA_S9_RSaIT1_E
00018914 W _ZSt32__make_move_if_noexcept_iteratorINSt7__cxx1112basic_stringIcSt11char_traitsIcESaIcEEESt13move_iteratorIPS5_EET0_PT_
000186a4 W _ZSt34__uninitialized_move_if_noexcept_aIPNSt7__cxx1112basic_stringIcSt11char_traitsIcESaIcEEES6_SaIS5_EET0_T_S9_S8_RT1_
0001bbd8 W _ZSt3decRSt8ios_base
0001bc08 W _ZSt3hexRSt8ios_base
00018858 W _ZSt3maxIjERKT_S2_S2_
00018be0 W _ZSt3minIjERKT_S2_S2_
0002e380 B _ZSt4cout@GLIBCXX_3.4
         U _ZSt4endlIcSt11char_traitsIcEERSt13basic_ostreamIT_T0_ES6_@GLIBCXX_3.4
00017cd4 W _ZSt4moveIRNSt7__cxx1112basic_stringIcSt11char_traitsIcESaIcEEEEONSt16remove_referenceIT_E4typeEOS8_
00018cfc W _ZSt4moveIRPNSt7__cxx1112basic_stringIcSt11char_traitsIcESaIcEEEEONSt16remove_referenceIT_E4typeEOS9_
00017664 W _ZSt5floorIiEN9__gnu_cxx11__enable_ifIXsrSt12__is_integerIT_E7__valueEdE6__typeES3_
00018fc8 W _ZSt7forwardINSt7__cxx1112basic_stringIcSt11char_traitsIcESaIcEEEEOT_RNSt16remove_referenceIS6_E4typeE
00018438 W _ZSt7forwardIRKNSt7__cxx1112basic_stringIcSt11char_traitsIcESaIcEEEEOT_RNSt16remove_referenceIS8_E4typeE
         U _ZSt7getlineIcSt11char_traitsIcESaIcEERSt13basic_istreamIT_T0_ES7_RNSt7__cxx1112basic_stringIS4_S5_T1_EES4_@GLIBCXX_3.4.21
000189cc W _ZSt8_DestroyINSt7__cxx1112basic_stringIcSt11char_traitsIcESaIcEEEEvPT_
0001840c W _ZSt8_DestroyIPNSt7__cxx1112basic_stringIcSt11char_traitsIcESaIcEEEEvT_S7_
00017df4 W _ZSt8_DestroyIPNSt7__cxx1112basic_stringIcSt11char_traitsIcESaIcEEES5_EvT_S7_RSaIT0_E
0001bb1c W _ZStaNRSt13_Ios_FmtflagsS_
0001ba50 W _ZStanSt13_Ios_FmtflagsS_
0001bab0 W _ZStcoSt13_Ios_Fmtflags
00018f80 W _ZSteqIPNSt7__cxx1112basic_stringIcSt11char_traitsIcESaIcEEEEbRKSt13move_iteratorIT_ESB_
0001bf68 r _ZStL10adopt_lock
0001bf60 r _ZStL10defer_lock
0001bf64 r _ZStL11try_to_lock
0001bf58 r _ZStL13allocator_arg
0001c390 r _ZStL13allocator_arg
0001c3b4 r _ZStL13allocator_arg
0001bf50 r _ZStL19piecewise_construct
0001c388 r _ZStL19piecewise_construct
0001c3ac r _ZStL19piecewise_construct
0001bf5c r _ZStL6ignore
0001c394 r _ZStL6ignore
0001c3b8 r _ZStL6ignore
0002e4a0 b _ZStL8__ioinit
0002e4d4 b _ZStL8__ioinit
0002e594 b _ZStL8__ioinit
         U _ZStlsIcSt11char_traitsIcESaIcEERSt13basic_ostreamIT_T0_ES7_RKNSt7__cxx1112basic_stringIS4_S5_T1_EE@GLIBCXX_3.4.21
         U _ZStlsISt11char_traitsIcEERSt13basic_ostreamIcT_ES5_PKc@GLIBCXX_3.4
         U _ZStlsISt11char_traitsIcEERSt13basic_ostreamIcT_ES5_PKh@GLIBCXX_3.4
00018e5c W _ZStneIPNSt7__cxx1112basic_stringIcSt11char_traitsIcESaIcEEEEbRKSt13move_iteratorIT_ESB_
0001bad8 W _ZStoRRSt13_Ios_FmtflagsS_
0001ba80 W _ZStorSt13_Ios_FmtflagsS_
0001bd5c W _ZStplIcSt11char_traitsIcESaIcEENSt7__cxx1112basic_stringIT_T0_T1_EEOS8_PKS5_
0001bda8 W _ZStplIcSt11char_traitsIcESaIcEENSt7__cxx1112basic_stringIT_T0_T1_EEOS8_RKS8_
0001bc84 W _ZStplIcSt11char_traitsIcESaIcEENSt7__cxx1112basic_stringIT_T0_T1_EEPKS5_RKS8_
0001bc38 W _ZStplIcSt11char_traitsIcESaIcEENSt7__cxx1112basic_stringIT_T0_T1_EERKS8_PKS5_
0002e4a4 b _ZZ11insert_portiiE1m
0002e4bc b _ZZ8pop_portiE1m
0001bf54 r _ZZL18__gthread_active_pvE20__gthread_active_ptr
