000000000001a5c0 B ASYNC_BUFSIZE
                 U BIO_ctrl@OPENSSL_3.0.0
                 U BIO_f_base64@OPENSSL_3.0.0
                 U BIO_free_all@OPENSSL_3.0.0
                 U BIO_new@OPENSSL_3.0.0
                 U BIO_new_mem_buf@OPENSSL_3.0.0
                 U BIO_push@OPENSSL_3.0.0
                 U BIO_read@OPENSSL_3.0.0
                 U BIO_s_mem@OPENSSL_3.0.0
                 U BIO_write@OPENSSL_3.0.0
000000000001a5b8 B CID_size
000000000001a58c B CID_size_D
000000000001a5bc B CMD_HDR_SIZE
000000000001a580 B CMD_HDR_SIZE_D
000000000001a680 B DB
000000000001a540 B DB_IP
000000000001a558 B DB_database
000000000001a550 B DB_password
000000000001a548 B DB_user
000000000001a1b0 V DW.ref.__gxx_personality_v0
                 U ERR_print_errors_fp@OPENSSL_3.0.0
                 U EVP_BytesToKey@OPENSSL_3.0.0
                 U EVP_CIPHER_CTX_free@OPENSSL_3.0.0
                 U EVP_CIPHER_CTX_new@OPENSSL_3.0.0
                 U EVP_DecryptFinal_ex@OPENSSL_3.0.0
                 U EVP_DecryptInit_ex@OPENSSL_3.0.0
                 U EVP_DecryptUpdate@OPENSSL_3.0.0
                 U EVP_DigestSignFinal@OPENSSL_3.0.0
                 U EVP_DigestSignInit@OPENSSL_3.0.0
                 U EVP_EncryptFinal_ex@OPENSSL_3.0.0
                 U EVP_EncryptInit_ex@OPENSSL_3.0.0
                 U EVP_EncryptUpdate@OPENSSL_3.0.0
                 U EVP_MD_CTX_free@OPENSSL_3.0.0
                 U EVP_MD_CTX_new@OPENSSL_3.0.0
                 U EVP_PKEY_assign@OPENSSL_3.0.0
                 U EVP_PKEY_new@OPENSSL_3.0.0
                 U EVP_aes_256_cbc@OPENSSL_3.0.0
                 U EVP_sha1@OPENSSL_3.0.0
                 U EVP_sha256@OPENSSL_3.0.0
000000000001a5b0 B Hash_size
000000000001a584 B Hash_size_D
000000000001a5c4 B MAX_USER_CNT
                 U PEM_read_bio_RSAPrivateKey@OPENSSL_3.0.0
                 U PEM_read_bio_RSA_PUBKEY@OPENSSL_3.0.0
                 U PEM_write_bio_RSAPrivateKey@OPENSSL_3.0.0
                 U PEM_write_bio_RSA_PUBKEY@OPENSSL_3.0.0
                 U RSA_generate_key@OPENSSL_3.0.0
000000000001a5a0 B SERVER_PORT
000000000001a5b4 B Signed_Hash_size
000000000001a588 B Signed_Hash_size_D
00000000000197b0 d _DYNAMIC
00000000000199f0 d _GLOBAL_OFFSET_TABLE_
000000000000bcac t _GLOBAL__sub_I_DB_IP
0000000000011f04 t _GLOBAL__sub_I_SERVER_PORT
000000000000868e t _GLOBAL__sub_I_for_res_packet
000000000001310f t _GLOBAL__sub_I_main
0000000000014000 R _IO_stdin_used
                 w _ITM_deregisterTMCloneTable
                 w _ITM_registerTMCloneTable
                 U _Unwind_Resume@GCC_3.0
000000000000824e T _Z10cmd_parser7IO_PORTP12HEADERPACKET
000000000001185c T _Z10initServerv
0000000000010100 T _Z10makePackethhhj
000000000000a4dc T _Z10mkdir_funcNSt7__cxx1112basic_stringIcSt11char_traitsIcESaIcEEE
000000000000e30e T _Z10modInversei
000000000001a620 B _Z10privateKeyB5cxx11
0000000000011b22 T _Z10termServerv
0000000000009e42 T _Z11Read_DB_cfgv
000000000000db17 T _Z11aes_decryptPhiS_S_S_
000000000000da04 T _Z11aes_encryptPhiS_S_S_
0000000000010a0d T _Z11bind_socketji
0000000000011c92 T _Z11closesocketj
000000000000ffad T _Z11insert_portii
000000000000e3a1 T _Z11join_sharesPii
000000000001078a T _Z11recv_binaryP7IO_PORTlPv
000000000000e01d T _Z11seed_randomv
00000000000105bc T _Z11send_binaryP7IO_PORTlPv
000000000000de18 T _Z11signMessageNSt7__cxx1112basic_stringIcSt11char_traitsIcESaIcEEES4_
000000000001a700 B _Z11test_sharesB5cxx11
000000000000dd1a T _Z12Base64EncodePKhmPPc
000000000000fcef T _Z12encrypt_dataPc
000000000000d8df T _Z12genPublicRSAP6rsa_st
0000000000007305 T _Z12generate_aesP12HEADERPACKETP7IO_PORT
000000000000d6cc T _Z12handleErrorsv
000000000000e74a T _Z12join_stringsPPci
000000000000e0e8 T _Z12split_numberiii
000000000000e506 T _Z12split_stringPcii
0000000000010895 T _Z13create_socketv
000000000000d80c T _Z13genPrivateRSAv
0000000000008068 T _Z13gen_share_resP12HEADERPACKETP7IO_PORT
0000000000007361 T _Z13share_requestP12HEADERPACKETP7IO_PORT
000000000000fc4b T _Z14get_ano_sharesNSt7__cxx1112basic_stringIcSt11char_traitsIcESaIcEEE
0000000000006864 T _Z14reshape_bufferPvii
00000000000076d4 T _Z14share_responseP12HEADERPACKETP7IO_PORT
000000000000f3c1 T _Z14test_get_shareB5cxx11v
000000000000eefc T _Z14test_share_genii
000000000000807f T _Z14test_share_reqP12HEADERPACKETP7IO_PORT
000000000000823b T _Z14test_share_resP12HEADERPACKETP7IO_PORT
00000000000072a9 T _Z14verify_requestP12HEADERPACKETP7IO_PORT
000000000000c620 T _Z15Read_server_cfgv
000000000000ce20 T _Z15b_base64_decodeRKNSt7__cxx1112basic_stringIcSt11char_traitsIcESaIcEEE
000000000000cc8c T _Z15b_base64_encodeRKNSt7__cxx1112basic_stringIcSt11char_traitsIcESaIcEEE
000000000000d77a T _Z15createPublicRSANSt7__cxx1112basic_stringIcSt11char_traitsIcESaIcEEE
000000000000f6ba T _Z15generate_sharesv
000000000000d3f4 T _Z15h_base64_decodePKhiPi
000000000000d0f0 T _Z15h_base64_encodePKhiPi
0000000000006819 T _Z15make_res_Packethhhj
00000000000072ee T _Z15prover_responseP12HEADERPACKETP7IO_PORT
0000000000007f6a T _Z15test_gen_sharesP12HEADERPACKETP7IO_PORT
00000000000072c0 T _Z15verify_responseP12HEADERPACKETP7IO_PORT
0000000000006e05 T _Z15video_data_sendP12HEADERPACKETP7IO_PORT
000000000000d6e8 T _Z16createPrivateRSANSt7__cxx1112basic_stringIcSt11char_traitsIcESaIcEEE
00000000000069a5 T _Z16nice_to_meet_youP12HEADERPACKETP7IO_PORT
00000000000072d7 T _Z16verify_to_proverP12HEADERPACKETP7IO_PORT
000000000000feaa T _Z17insert_public_keyNSt7__cxx1112basic_stringIcSt11char_traitsIcESaIcEEE
000000000000ff74 T _Z17insert_video_dataPcS_S_
000000000000e6f4 T _Z18free_string_sharesPPci
00000000000069eb T _Z18public_key_requestP12HEADERPACKETP7IO_PORT
0000000000006d16 T _Z19public_key_responseP12HEADERPACKETP7IO_PORT
0000000000007263 T _Z19video_data_responseP12HEADERPACKETP7IO_PORT
0000000000007e39 T _Z20encrypt_data_requestP12HEADERPACKETP7IO_PORT
000000000000783b T _Z21another_share_requestP12HEADERPACKETP7IO_PORT
0000000000007e50 T _Z21encrypt_data_responseP12HEADERPACKETP7IO_PORT
0000000000007c50 T _Z22another_share_responseP12HEADERPACKETP7IO_PORT
0000000000007e67 T _Z22decrypt_data_at_serverP12HEADERPACKETP7IO_PORT
0000000000007e22 T _Z22encrypt_data_at_loggerP12HEADERPACKETP7IO_PORT
0000000000007e0b T _Z22generate_key_at_loggerP12HEADERPACKETP7IO_PORT
000000000000eae1 T _Z22generate_share_stringsPcii
000000000000e06d T _Z22modular_exponentiationiii
000000000000ebb2 T _Z24trim_trailing_whitespacePc
000000000000f433 T _Z2cpNSt7__cxx1112basic_stringIcSt11char_traitsIcESaIcEEE
000000000000ec77 T _Z33extract_secret_from_share_stringsPKc
000000000000df07 T _Z3mixmmm
000000000000858e t _Z41__static_initialization_and_destruction_0ii
000000000000bc24 t _Z41__static_initialization_and_destruction_0ii
0000000000011cae t _Z41__static_initialization_and_destruction_0ii
00000000000130b9 t _Z41__static_initialization_and_destruction_0ii
000000000000e237 T _Z4gcdDii
0000000000007e7e T _Z4testP12HEADERPACKETP7IO_PORT
000000000001a500 B _Z5s_dirB5cxx11
000000000000f46e T _Z6getCIDB5cxx11v
000000000000dc23 T _Z7RSASignP6rsa_stPKhmPPhPm
000000000000692d T _Z7hi_i_amP12HEADERPACKETP7IO_PORT
000000000000d96e T _Z7initAESRKNSt7__cxx1112basic_stringIcSt11char_traitsIcESaIcEEEPhS7_S7_
000000000001a5e0 B _Z8passwordB5cxx11
000000000001007e T _Z8pop_porti
000000000000fbaf T _Z9get_shareNSt7__cxx1112basic_stringIcSt11char_traitsIcESaIcEEE
000000000001a560 B _Z9image_dirB5cxx11
000000000001a640 B _Z9publicKeyB5cxx11
000000000000ee51 T _Z9strtok_rrPcPKcPS_
000000000001a740 b _ZGVZ15b_base64_decodeRKNSt7__cxx1112basic_stringIcSt11char_traitsIcESaIcEEEE1b
000000000001a201 d _ZL10base64_pad
000000000001a1c0 d _ZL12base64_table
000000000000c615 t _ZL18__gthread_active_pv
0000000000010b5d t _ZL19ClientServiceThreadPv
0000000000011f5e t _ZL22__gthread_mutex_unlockP15pthread_mutex_t
0000000000011f2f t _ZL23__gthread_mutex_trylockP15pthread_mutex_t
000000000001a204 d _ZL5prime
00000000000103a1 t _ZL6__recvP7IO_PORTPvi
000000000001014b t _ZL6__sendP7IO_PORTPvi
0000000000011276 t _ZL9listenThdPv
000000000000a88a T _ZN13bout_database11insert_dataENSt7__cxx1112basic_stringIcSt11char_traitsIcESaIcEEE
000000000000ba30 T _ZN13bout_database11print_queryEv
000000000000a72c T _ZN13bout_database12initDatabaseEP7db_user
000000000000b70e T _ZN13bout_database14get_ano_sharesENSt7__cxx1112basic_stringIcSt11char_traitsIcESaIcEEEi
000000000000a8cc T _ZN13bout_database15select_databaseEPcRNSt7__cxx1112basic_stringIcSt11char_traitsIcESaIcEEES7_S7_
000000000000af6a T _ZN13bout_database15update_databaseENSt7__cxx1112basic_stringIcSt11char_traitsIcESaIcEEES5_S5_
000000000000b230 T _ZN13bout_database17get_latest_key_IDB5cxx11Ev
000000000000a9c4 T _ZN13bout_database17insert_video_dataEPcS0_S0_
000000000000acc8 T _ZN13bout_database18insert_pk_databaseENSt7__cxx1112basic_stringIcSt11char_traitsIcESaIcEEES5_
000000000000a802 T _ZN13bout_database19mysql_perform_queryEP5MYSQLPc
000000000000a77a T _ZN13bout_database22mysql_connection_setupE7db_user
000000000000b366 T _ZN13bout_database9get_shareENSt7__cxx1112basic_stringIcSt11char_traitsIcESaIcEEE
000000000000a592 T _ZN13bout_databaseC1Ei
000000000000a592 T _ZN13bout_databaseC2Ei
000000000000a6e8 T _ZN13bout_databaseD1Ev
000000000000a6e8 T _ZN13bout_databaseD2Ev
                 U _ZN4Json15parseFromStreamERKNS_10CharReader7FactoryERSiPNS_5ValueEPNSt7__cxx1112basic_stringIcSt11char_traitsIcESaIcEEE
                 U _ZN4Json17CharReaderBuilderC1Ev
                 U _ZN4Json17CharReaderBuilderD1Ev
                 U _ZN4Json17CharReaderBuilderixERKNSt7__cxx1112basic_stringIcSt11char_traitsIcESaIcEEE
                 U _ZN4Json5ValueC1ENS_9ValueTypeE
                 U _ZN4Json5ValueC1Eb
                 U _ZN4Json5ValueD1Ev
                 U _ZN4Json5ValueaSEOS0_
                 U _ZN4Json5ValueixEPKc
000000000001400d r _ZN6__pstl9execution2v1L3parE
00000000000142cd r _ZN6__pstl9execution2v1L3parE
00000000000146b5 r _ZN6__pstl9execution2v1L3parE
0000000000014c19 r _ZN6__pstl9execution2v1L3parE
000000000001400c r _ZN6__pstl9execution2v1L3seqE
00000000000142cc r _ZN6__pstl9execution2v1L3seqE
00000000000146b4 r _ZN6__pstl9execution2v1L3seqE
0000000000014c18 r _ZN6__pstl9execution2v1L3seqE
000000000001400f r _ZN6__pstl9execution2v1L5unseqE
00000000000142cf r _ZN6__pstl9execution2v1L5unseqE
00000000000146b7 r _ZN6__pstl9execution2v1L5unseqE
0000000000014c1b r _ZN6__pstl9execution2v1L5unseqE
000000000001400e r _ZN6__pstl9execution2v1L9par_unseqE
00000000000142ce r _ZN6__pstl9execution2v1L9par_unseqE
00000000000146b6 r _ZN6__pstl9execution2v1L9par_unseqE
0000000000014c1a r _ZN6__pstl9execution2v1L9par_unseqE
00000000000088cb W _ZN9__gnu_cxx11char_traitsIcE2eqERKcS3_
00000000000088f0 W _ZN9__gnu_cxx11char_traitsIcE6lengthEPKc
000000000000989a W _ZN9__gnu_cxx13new_allocatorINSt7__cxx1112basic_stringIcSt11char_traitsIcESaIcEEEE10deallocateEPS6_m
0000000000009a80 W _ZN9__gnu_cxx13new_allocatorINSt7__cxx1112basic_stringIcSt11char_traitsIcESaIcEEEE7destroyIS6_EEvPT_
0000000000009b8e W _ZN9__gnu_cxx13new_allocatorINSt7__cxx1112basic_stringIcSt11char_traitsIcESaIcEEEE8allocateEmPKv
000000000000965a W _ZN9__gnu_cxx13new_allocatorINSt7__cxx1112basic_stringIcSt11char_traitsIcESaIcEEEE9constructIS6_JRKS6_EEEvPT_DpOT0_
0000000000009df6 W _ZN9__gnu_cxx13new_allocatorINSt7__cxx1112basic_stringIcSt11char_traitsIcESaIcEEEE9constructIS6_JS6_EEEvPT_DpOT0_
0000000000009ac2 W _ZN9__gnu_cxx13new_allocatorINSt7__cxx1112basic_stringIcSt11char_traitsIcESaIcEEEEC1ERKS7_
00000000000094d8 W _ZN9__gnu_cxx13new_allocatorINSt7__cxx1112basic_stringIcSt11char_traitsIcESaIcEEEEC1Ev
0000000000009ac2 W _ZN9__gnu_cxx13new_allocatorINSt7__cxx1112basic_stringIcSt11char_traitsIcESaIcEEEEC2ERKS7_
00000000000094d8 W _ZN9__gnu_cxx13new_allocatorINSt7__cxx1112basic_stringIcSt11char_traitsIcESaIcEEEEC2Ev
0000000000009078 W _ZN9__gnu_cxx13new_allocatorINSt7__cxx1112basic_stringIcSt11char_traitsIcESaIcEEEED1Ev
0000000000009078 W _ZN9__gnu_cxx13new_allocatorINSt7__cxx1112basic_stringIcSt11char_traitsIcESaIcEEEED2Ev
0000000000012de6 W _ZN9__gnu_cxx13new_allocatorIiE10deallocateEPim
0000000000012eae W _ZN9__gnu_cxx13new_allocatorIiE8allocateEmPKv
0000000000012c76 W _ZN9__gnu_cxx13new_allocatorIiEC1ERKS1_
0000000000012542 W _ZN9__gnu_cxx13new_allocatorIiEC1Ev
0000000000012c76 W _ZN9__gnu_cxx13new_allocatorIiEC2ERKS1_
0000000000012542 W _ZN9__gnu_cxx13new_allocatorIiEC2Ev
0000000000012552 W _ZN9__gnu_cxx13new_allocatorIiED1Ev
0000000000012552 W _ZN9__gnu_cxx13new_allocatorIiED2Ev
000000000000c267 W _ZN9__gnu_cxx14__alloc_traitsISaIcEcE17_S_select_on_copyERKS1_
0000000000009499 W _ZN9__gnu_cxx17__is_null_pointerIKcEEbPT_
00000000000120c4 W _ZN9__gnu_cxx17__normal_iteratorIPKcNSt7__cxx1112basic_stringIcSt11char_traitsIcESaIcEEEEppEv
00000000000091dc W _ZN9__gnu_cxx17__normal_iteratorIPNSt7__cxx1112basic_stringIcSt11char_traitsIcESaIcEEESt6vectorIS6_SaIS6_EEEC1ERKS7_
00000000000091dc W _ZN9__gnu_cxx17__normal_iteratorIPNSt7__cxx1112basic_stringIcSt11char_traitsIcESaIcEEESt6vectorIS6_SaIS6_EEEC2ERKS7_
0000000000008d04 W _ZN9__gnu_cxx17__normal_iteratorIPNSt7__cxx1112basic_stringIcSt11char_traitsIcESaIcEEESt6vectorIS6_SaIS6_EEEppEi
0000000000014008 r _ZN9__gnu_cxxL21__default_lock_policyE
00000000000142c8 r _ZN9__gnu_cxxL21__default_lock_policyE
00000000000146b0 r _ZN9__gnu_cxxL21__default_lock_policyE
0000000000014c14 r _ZN9__gnu_cxxL21__default_lock_policyE
00000000000097bf W _ZN9__gnu_cxxmiIPNSt7__cxx1112basic_stringIcSt11char_traitsIcESaIcEEESt6vectorIS6_SaIS6_EEEENS_17__normal_iteratorIT_T0_E15difference_typeERKSE_SH_
0000000000012085 W _ZN9__gnu_cxxneIPKcNSt7__cxx1112basic_stringIcSt11char_traitsIcESaIcEEEEEbRKNS_17__normal_iteratorIT_T0_EESE_
0000000000008cc4 W _ZN9__gnu_cxxneIPNSt7__cxx1112basic_stringIcSt11char_traitsIcESaIcEEESt6vectorIS6_SaIS6_EEEEbRKNS_17__normal_iteratorIT_T0_EESG_
                 U _ZNK4Json5Value5asIntEv
                 U _ZNK4Json5Value8asStringB5cxx11Ev
0000000000009b76 W _ZNK9__gnu_cxx13new_allocatorINSt7__cxx1112basic_stringIcSt11char_traitsIcESaIcEEEE11_M_max_sizeEv
0000000000009d2e W _ZNK9__gnu_cxx13new_allocatorINSt7__cxx1112basic_stringIcSt11char_traitsIcESaIcEEEE8max_sizeEv
0000000000012e96 W _ZNK9__gnu_cxx13new_allocatorIiE11_M_max_sizeEv
0000000000012d9a W _ZNK9__gnu_cxx13new_allocatorIiE8max_sizeEv
0000000000012530 W _ZNK9__gnu_cxx17__normal_iteratorIPKcNSt7__cxx1112basic_stringIcSt11char_traitsIcESaIcEEEE4baseEv
00000000000120e8 W _ZNK9__gnu_cxx17__normal_iteratorIPKcNSt7__cxx1112basic_stringIcSt11char_traitsIcESaIcEEEEdeEv
00000000000091fe W _ZNK9__gnu_cxx17__normal_iteratorIPNSt7__cxx1112basic_stringIcSt11char_traitsIcESaIcEEESt6vectorIS6_SaIS6_EEE4baseEv
0000000000008d6a W _ZNK9__gnu_cxx17__normal_iteratorIPNSt7__cxx1112basic_stringIcSt11char_traitsIcESaIcEEESt6vectorIS6_SaIS6_EEEdeEv
000000000000c5ac W _ZNK9__gnu_cxx17__normal_iteratorIPNSt7__cxx1112basic_stringIcSt11char_traitsIcESaIcEEESt6vectorIS6_SaIS6_EEEmiEl
0000000000009544 W _ZNKSt12_Vector_baseINSt7__cxx1112basic_stringIcSt11char_traitsIcESaIcEEESaIS5_EE13get_allocatorEv
000000000000990c W _ZNKSt12_Vector_baseINSt7__cxx1112basic_stringIcSt11char_traitsIcESaIcEEESaIS5_EE19_M_get_Tp_allocatorEv
0000000000011fa4 W _ZNKSt6chrono8durationIlSt5ratioILl1ELl1000000000EEE5countEv
0000000000012070 W _ZNKSt6chrono8durationIlSt5ratioILl1ELl1EEE5countEv
00000000000096d0 W _ZNKSt6vectorINSt7__cxx1112basic_stringIcSt11char_traitsIcESaIcEEESaIS5_EE12_M_check_lenEmPKc
0000000000008da4 W _ZNKSt6vectorINSt7__cxx1112basic_stringIcSt11char_traitsIcESaIcEEESaIS5_EE4sizeEv
00000000000099c6 W _ZNKSt6vectorINSt7__cxx1112basic_stringIcSt11char_traitsIcESaIcEEESaIS5_EE8max_sizeEv
                 U _ZNKSt7__cxx1112basic_stringIcSt11char_traitsIcESaIcEE13get_allocatorEv@GLIBCXX_3.4.21
                 U _ZNKSt7__cxx1112basic_stringIcSt11char_traitsIcESaIcEE3endEv@GLIBCXX_3.4.21
                 U _ZNKSt7__cxx1112basic_stringIcSt11char_traitsIcESaIcEE4sizeEv@GLIBCXX_3.4.21
                 U _ZNKSt7__cxx1112basic_stringIcSt11char_traitsIcESaIcEE5beginEv@GLIBCXX_3.4.21
                 U _ZNKSt7__cxx1112basic_stringIcSt11char_traitsIcESaIcEE5c_strEv@GLIBCXX_3.4.21
                 U _ZNKSt7__cxx1112basic_stringIcSt11char_traitsIcESaIcEE6lengthEv@GLIBCXX_3.4.21
                 U _ZNKSt7__cxx1112basic_stringIcSt11char_traitsIcESaIcEE6substrEmm@GLIBCXX_3.4.21
                 U _ZNKSt7__cxx1112basic_stringIcSt11char_traitsIcESaIcEE7_M_dataEv@GLIBCXX_3.4.21
                 U _ZNKSt7__cxx1112basic_stringIcSt11char_traitsIcESaIcEE8capacityEv@GLIBCXX_3.4.21
                 U _ZNKSt7__cxx1112basic_stringIcSt11char_traitsIcESaIcEEixEm@GLIBCXX_3.4.21
                 U _ZNKSt7__cxx1119basic_ostringstreamIcSt11char_traitsIcESaIcEE3strEv@GLIBCXX_3.4.21
                 U _ZNKSt9basic_iosIcSt11char_traitsIcEE4failEv@GLIBCXX_3.4
                 U _ZNKSt9basic_iosIcSt11char_traitsIcEEcvbEv@GLIBCXX_3.4.21
000000000000991e W _ZNSaINSt7__cxx1112basic_stringIcSt11char_traitsIcESaIcEEEEC1ERKS5_
0000000000009026 W _ZNSaINSt7__cxx1112basic_stringIcSt11char_traitsIcESaIcEEEEC1Ev
000000000000991e W _ZNSaINSt7__cxx1112basic_stringIcSt11char_traitsIcESaIcEEEEC2ERKS5_
0000000000009026 W _ZNSaINSt7__cxx1112basic_stringIcSt11char_traitsIcESaIcEEEEC2Ev
0000000000008b32 W _ZNSaINSt7__cxx1112basic_stringIcSt11char_traitsIcESaIcEEEED1Ev
0000000000008b32 W _ZNSaINSt7__cxx1112basic_stringIcSt11char_traitsIcESaIcEEEED2Ev
                 U _ZNSaIcEC1ERKS_@GLIBCXX_3.4
                 U _ZNSaIcEC1Ev@GLIBCXX_3.4
                 U _ZNSaIcED1Ev@GLIBCXX_3.4
                 U _ZNSaIcED2Ev@GLIBCXX_3.4
0000000000012a7e W _ZNSaIiEC1ERKS_
00000000000120fe W _ZNSaIiEC1Ev
0000000000012a7e W _ZNSaIiEC2ERKS_
00000000000120fe W _ZNSaIiEC2Ev
000000000001211e W _ZNSaIiED1Ev
000000000001211e W _ZNSaIiED2Ev
                 U _ZNSolsEPFRSoS_E@GLIBCXX_3.4
                 U _ZNSolsEPFRSt8ios_baseS0_E@GLIBCXX_3.4
                 U _ZNSolsEi@GLIBCXX_3.4
                 U _ZNSolsEj@GLIBCXX_3.4
                 U _ZNSolsEt@GLIBCXX_3.4
00000000000086d0 W _ZNSt11char_traitsIcE6lengthEPKc
0000000000012447 W _ZNSt11this_thread9sleep_forIlSt5ratioILl1ELl1EEEEvRKNSt6chrono8durationIT_T0_EE
00000000000098ce W _ZNSt12_Destroy_auxILb0EE9__destroyIPNSt7__cxx1112basic_stringIcSt11char_traitsIcESaIcEEEEEvT_S9_
0000000000012d5a W _ZNSt12_Destroy_auxILb1EE9__destroyIPiEEvT_S3_
0000000000009802 W _ZNSt12_Vector_baseINSt7__cxx1112basic_stringIcSt11char_traitsIcESaIcEEESaIS5_EE11_M_allocateEm
0000000000009ad6 W _ZNSt12_Vector_baseINSt7__cxx1112basic_stringIcSt11char_traitsIcESaIcEEESaIS5_EE12_Vector_implC1ERKS6_
0000000000008b06 W _ZNSt12_Vector_baseINSt7__cxx1112basic_stringIcSt11char_traitsIcESaIcEEESaIS5_EE12_Vector_implC1Ev
0000000000009ad6 W _ZNSt12_Vector_baseINSt7__cxx1112basic_stringIcSt11char_traitsIcESaIcEEESaIS5_EE12_Vector_implC2ERKS6_
0000000000008b06 W _ZNSt12_Vector_baseINSt7__cxx1112basic_stringIcSt11char_traitsIcESaIcEEESaIS5_EE12_Vector_implC2Ev
000000000000886c W _ZNSt12_Vector_baseINSt7__cxx1112basic_stringIcSt11char_traitsIcESaIcEEESaIS5_EE12_Vector_implD1Ev
000000000000886c W _ZNSt12_Vector_baseINSt7__cxx1112basic_stringIcSt11char_traitsIcESaIcEEESaIS5_EE12_Vector_implD2Ev
0000000000009088 W _ZNSt12_Vector_baseINSt7__cxx1112basic_stringIcSt11char_traitsIcESaIcEEESaIS5_EE13_M_deallocateEPS5_m
0000000000012bd0 W _ZNSt12_Vector_baseINSt7__cxx1112basic_stringIcSt11char_traitsIcESaIcEEESaIS5_EE17_M_create_storageEm
0000000000009972 W _ZNSt12_Vector_baseINSt7__cxx1112basic_stringIcSt11char_traitsIcESaIcEEESaIS5_EE17_Vector_impl_data12_M_copy_dataERKS8_
00000000000095a6 W _ZNSt12_Vector_baseINSt7__cxx1112basic_stringIcSt11char_traitsIcESaIcEEESaIS5_EE17_Vector_impl_data12_M_swap_dataERS8_
0000000000009046 W _ZNSt12_Vector_baseINSt7__cxx1112basic_stringIcSt11char_traitsIcESaIcEEESaIS5_EE17_Vector_impl_dataC1Ev
0000000000009046 W _ZNSt12_Vector_baseINSt7__cxx1112basic_stringIcSt11char_traitsIcESaIcEEESaIS5_EE17_Vector_impl_dataC2Ev
00000000000090c2 W _ZNSt12_Vector_baseINSt7__cxx1112basic_stringIcSt11char_traitsIcESaIcEEESaIS5_EE19_M_get_Tp_allocatorEv
0000000000009948 W _ZNSt12_Vector_baseINSt7__cxx1112basic_stringIcSt11char_traitsIcESaIcEEESaIS5_EEC1ERKS6_
00000000000127d2 W _ZNSt12_Vector_baseINSt7__cxx1112basic_stringIcSt11char_traitsIcESaIcEEESaIS5_EEC1EmRKS6_
000000000000888c W _ZNSt12_Vector_baseINSt7__cxx1112basic_stringIcSt11char_traitsIcESaIcEEESaIS5_EEC1Ev
0000000000009948 W _ZNSt12_Vector_baseINSt7__cxx1112basic_stringIcSt11char_traitsIcESaIcEEESaIS5_EEC2ERKS6_
00000000000127d2 W _ZNSt12_Vector_baseINSt7__cxx1112basic_stringIcSt11char_traitsIcESaIcEEESaIS5_EEC2EmRKS6_
000000000000888c W _ZNSt12_Vector_baseINSt7__cxx1112basic_stringIcSt11char_traitsIcESaIcEEESaIS5_EEC2Ev
0000000000008b52 W _ZNSt12_Vector_baseINSt7__cxx1112basic_stringIcSt11char_traitsIcESaIcEEESaIS5_EED1Ev
0000000000008b52 W _ZNSt12_Vector_baseINSt7__cxx1112basic_stringIcSt11char_traitsIcESaIcEEESaIS5_EED2Ev
0000000000012cbc W _ZNSt12_Vector_baseIiSaIiEE11_M_allocateEm
0000000000012aa8 W _ZNSt12_Vector_baseIiSaIiEE12_Vector_implC1ERKS0_
0000000000012aa8 W _ZNSt12_Vector_baseIiSaIiEE12_Vector_implC2ERKS0_
00000000000125e8 W _ZNSt12_Vector_baseIiSaIiEE12_Vector_implD1Ev
00000000000125e8 W _ZNSt12_Vector_baseIiSaIiEE12_Vector_implD2Ev
0000000000012b38 W _ZNSt12_Vector_baseIiSaIiEE13_M_deallocateEPim
0000000000012ade W _ZNSt12_Vector_baseIiSaIiEE17_M_create_storageEm
0000000000012c8a W _ZNSt12_Vector_baseIiSaIiEE17_Vector_impl_dataC1Ev
0000000000012c8a W _ZNSt12_Vector_baseIiSaIiEE17_Vector_impl_dataC2Ev
000000000001270a W _ZNSt12_Vector_baseIiSaIiEE19_M_get_Tp_allocatorEv
0000000000012608 W _ZNSt12_Vector_baseIiSaIiEEC1EmRKS0_
0000000000012608 W _ZNSt12_Vector_baseIiSaIiEEC2EmRKS0_
000000000001266e W _ZNSt12_Vector_baseIiSaIiEED1Ev
000000000001266e W _ZNSt12_Vector_baseIiSaIiEED2Ev
                 U _ZNSt14basic_ifstreamIcSt11char_traitsIcEEC1EPKcSt13_Ios_Openmode@GLIBCXX_3.4
                 U _ZNSt14basic_ifstreamIcSt11char_traitsIcEED1Ev@GLIBCXX_3.4
                 U _ZNSt14basic_ofstreamIcSt11char_traitsIcEEC1EPKcSt13_Ios_Openmode@GLIBCXX_3.4
                 U _ZNSt14basic_ofstreamIcSt11char_traitsIcEED1Ev@GLIBCXX_3.4
00000000000094e7 W _ZNSt16allocator_traitsISaINSt7__cxx1112basic_stringIcSt11char_traitsIcESaIcEEEEE10deallocateERS6_PS5_m
000000000000986f W _ZNSt16allocator_traitsISaINSt7__cxx1112basic_stringIcSt11char_traitsIcESaIcEEEEE7destroyIS5_EEvRS6_PT_
0000000000009a1b W _ZNSt16allocator_traitsISaINSt7__cxx1112basic_stringIcSt11char_traitsIcESaIcEEEEE8allocateERS6_m
0000000000009c5a W _ZNSt16allocator_traitsISaINSt7__cxx1112basic_stringIcSt11char_traitsIcESaIcEEEEE8max_sizeERKS6_
0000000000009210 W _ZNSt16allocator_traitsISaINSt7__cxx1112basic_stringIcSt11char_traitsIcESaIcEEEEE9constructIS5_JRKS5_EEEvRS6_PT_DpOT0_
0000000000009da7 W _ZNSt16allocator_traitsISaINSt7__cxx1112basic_stringIcSt11char_traitsIcESaIcEEEEE9constructIS5_JS5_EEEvRS6_PT_DpOT0_
000000000000c360 W _ZNSt16allocator_traitsISaIcEE37select_on_container_copy_constructionERKS0_
0000000000012cf3 W _ZNSt16allocator_traitsISaIiEE10deallocateERS0_Pim
0000000000012db8 W _ZNSt16allocator_traitsISaIiEE8allocateERS0_m
0000000000012c57 W _ZNSt16allocator_traitsISaIiEE8max_sizeERKS0_
0000000000012e1b W _ZNSt22__uninitialized_fill_nILb1EE15__uninit_fill_nIPimiEET_S3_T0_RKT1_
0000000000012e4c W _ZNSt27__uninitialized_default_n_1ILb0EE18__uninit_default_nIPNSt7__cxx1112basic_stringIcSt11char_traitsIcESaIcEEEmEET_S9_T0_
0000000000012030 W _ZNSt5mutex6unlockEv
000000000001200c W _ZNSt5mutex8try_lockEv
0000000000012396 W _ZNSt6chrono13duration_castINS_8durationIlSt5ratioILl1ELl1000000000EEEElS2_ILl1ELl1EEEENSt9enable_ifIXsrNS_13__is_durationIT_EE5valueES8_E4typeERKNS1_IT0_T1_EE
0000000000012378 W _ZNSt6chrono13duration_castINS_8durationIlSt5ratioILl1ELl1EEEElS3_EENSt9enable_ifIXsrNS_13__is_durationIT_EE5valueES7_E4typeERKNS1_IT0_T1_EE
0000000000011fdb W _ZNSt6chrono15duration_valuesIlE4zeroEv
00000000000129b1 W _ZNSt6chrono20__duration_cast_implINS_8durationIlSt5ratioILl1ELl1000000000EEEES2_ILl1000000000ELl1EElLb0ELb1EE6__castIlS2_ILl1ELl1EEEES4_RKNS1_IT_T0_EE
0000000000012955 W _ZNSt6chrono20__duration_cast_implINS_8durationIlSt5ratioILl1ELl1EEEES3_lLb1ELb1EE6__castIlS3_EES4_RKNS1_IT_T0_EE
0000000000011fba W _ZNSt6chrono8durationIlSt5ratioILl1ELl1000000000EEEC1IlvEERKT_
0000000000012327 W _ZNSt6chrono8durationIlSt5ratioILl1ELl1EEE4zeroEv
00000000000122d8 W _ZNSt6chrono8durationIlSt5ratioILl1ELl1EEEC1IivEERKT_
0000000000011fea W _ZNSt6chrono8durationIlSt5ratioILl1ELl1EEEC1IlvEERKT_
00000000000122d8 W _ZNSt6chrono8durationIlSt5ratioILl1ELl1EEEC2IivEERKT_
00000000000122fb W _ZNSt6chronoleIlSt5ratioILl1ELl1EElS2_EEbRKNS_8durationIT_T0_EERKNS3_IT1_T2_EE
00000000000128e0 W _ZNSt6chronoltIlSt5ratioILl1ELl1EElS2_EEbRKNS_8durationIT_T0_EERKNS3_IT1_T2_EE
00000000000123b4 W _ZNSt6chronomiIlSt5ratioILl1ELl1EElS2_EENSt11common_typeIJNS_8durationIT_T0_EENS4_IT1_T2_EEEE4typeERKS7_RKSA_
0000000000009b0c W _ZNSt6vectorINSt7__cxx1112basic_stringIcSt11char_traitsIcESaIcEEESaIS5_EE11_S_max_sizeERKS6_
0000000000009839 W _ZNSt6vectorINSt7__cxx1112basic_stringIcSt11char_traitsIcESaIcEEESaIS5_EE11_S_relocateEPS5_S8_S8_RS6_
000000000000c2b8 W _ZNSt6vectorINSt7__cxx1112basic_stringIcSt11char_traitsIcESaIcEEESaIS5_EE12emplace_backIJS5_EEERS5_DpOT_
0000000000009114 W _ZNSt6vectorINSt7__cxx1112basic_stringIcSt11char_traitsIcESaIcEEESaIS5_EE14_M_move_assignEOS7_St17integral_constantIbLb1EE
0000000000009a49 W _ZNSt6vectorINSt7__cxx1112basic_stringIcSt11char_traitsIcESaIcEEESaIS5_EE14_S_do_relocateEPS5_S8_S8_RS6_St17integral_constantIbLb1EE
000000000001287c W _ZNSt6vectorINSt7__cxx1112basic_stringIcSt11char_traitsIcESaIcEEESaIS5_EE15_M_erase_at_endEPS5_
000000000000924e W _ZNSt6vectorINSt7__cxx1112basic_stringIcSt11char_traitsIcESaIcEEESaIS5_EE17_M_realloc_insertIJRKS5_EEEvN9__gnu_cxx17__normal_iteratorIPS5_S7_EEDpOT_
000000000000c38e W _ZNSt6vectorINSt7__cxx1112basic_stringIcSt11char_traitsIcESaIcEEESaIS5_EE17_M_realloc_insertIJS5_EEEvN9__gnu_cxx17__normal_iteratorIPS5_S7_EEDpOT_
000000000001274a W _ZNSt6vectorINSt7__cxx1112basic_stringIcSt11char_traitsIcESaIcEEESaIS5_EE17_S_check_init_lenEmRKS6_
0000000000012838 W _ZNSt6vectorINSt7__cxx1112basic_stringIcSt11char_traitsIcESaIcEEESaIS5_EE21_M_default_initializeEm
0000000000008c74 W _ZNSt6vectorINSt7__cxx1112basic_stringIcSt11char_traitsIcESaIcEEESaIS5_EE3endEv
000000000000c546 W _ZNSt6vectorINSt7__cxx1112basic_stringIcSt11char_traitsIcESaIcEEESaIS5_EE4backEv
0000000000008c28 W _ZNSt6vectorINSt7__cxx1112basic_stringIcSt11char_traitsIcESaIcEEESaIS5_EE5beginEv
00000000000122ae W _ZNSt6vectorINSt7__cxx1112basic_stringIcSt11char_traitsIcESaIcEEESaIS5_EE5clearEv
000000000000c232 W _ZNSt6vectorINSt7__cxx1112basic_stringIcSt11char_traitsIcESaIcEEESaIS5_EE9push_backEOS5_
0000000000008dcc W _ZNSt6vectorINSt7__cxx1112basic_stringIcSt11char_traitsIcESaIcEEESaIS5_EE9push_backERKS5_
000000000000957c W _ZNSt6vectorINSt7__cxx1112basic_stringIcSt11char_traitsIcESaIcEEESaIS5_EEC1ERKS6_
0000000000012230 W _ZNSt6vectorINSt7__cxx1112basic_stringIcSt11char_traitsIcESaIcEEESaIS5_EEC1EmRKS6_
00000000000088ac W _ZNSt6vectorINSt7__cxx1112basic_stringIcSt11char_traitsIcESaIcEEESaIS5_EEC1Ev
000000000000957c W _ZNSt6vectorINSt7__cxx1112basic_stringIcSt11char_traitsIcESaIcEEESaIS5_EEC2ERKS6_
0000000000012230 W _ZNSt6vectorINSt7__cxx1112basic_stringIcSt11char_traitsIcESaIcEEESaIS5_EEC2EmRKS6_
00000000000088ac W _ZNSt6vectorINSt7__cxx1112basic_stringIcSt11char_traitsIcESaIcEEESaIS5_EEC2Ev
0000000000008ba4 W _ZNSt6vectorINSt7__cxx1112basic_stringIcSt11char_traitsIcESaIcEEESaIS5_EED1Ev
0000000000008ba4 W _ZNSt6vectorINSt7__cxx1112basic_stringIcSt11char_traitsIcESaIcEEESaIS5_EED2Ev
0000000000008bec W _ZNSt6vectorINSt7__cxx1112basic_stringIcSt11char_traitsIcESaIcEEESaIS5_EEaSEOS7_
0000000000008d80 W _ZNSt6vectorINSt7__cxx1112basic_stringIcSt11char_traitsIcESaIcEEESaIS5_EEixEm
0000000000012a14 W _ZNSt6vectorIiSaIiEE11_S_max_sizeERKS0_
0000000000012561 W _ZNSt6vectorIiSaIiEE17_S_check_init_lenEmRKS0_
00000000000126c0 W _ZNSt6vectorIiSaIiEE18_M_fill_initializeEmRKi
000000000001213e W _ZNSt6vectorIiSaIiEEC1EmRKiRKS0_
000000000001213e W _ZNSt6vectorIiSaIiEEC2EmRKiRKS0_
00000000000121c4 W _ZNSt6vectorIiSaIiEED1Ev
00000000000121c4 W _ZNSt6vectorIiSaIiEED2Ev
000000000001220c W _ZNSt6vectorIiSaIiEEixEm
                 U _ZNSt7__cxx1112basic_stringIcSt11char_traitsIcESaIcEE10_M_disposeEv@GLIBCXX_3.4.21
                 U _ZNSt7__cxx1112basic_stringIcSt11char_traitsIcESaIcEE11_M_capacityEm@GLIBCXX_3.4.21
                 U _ZNSt7__cxx1112basic_stringIcSt11char_traitsIcESaIcEE12_Alloc_hiderC1EPcRKS3_@GLIBCXX_3.4.21
000000000000895e W _ZNSt7__cxx1112basic_stringIcSt11char_traitsIcESaIcEE12_Alloc_hiderD1Ev
000000000000895e W _ZNSt7__cxx1112basic_stringIcSt11char_traitsIcESaIcEE12_Alloc_hiderD2Ev
                 U _ZNSt7__cxx1112basic_stringIcSt11char_traitsIcESaIcEE12_M_constructEmc@GLIBCXX_3.4.21
0000000000008ee0 W _ZNSt7__cxx1112basic_stringIcSt11char_traitsIcESaIcEE12_M_constructIPKcEEvT_S8_St20forward_iterator_tag
                 U _ZNSt7__cxx1112basic_stringIcSt11char_traitsIcESaIcEE13_M_local_dataEv@GLIBCXX_3.4.21
                 U _ZNSt7__cxx1112basic_stringIcSt11char_traitsIcESaIcEE13_M_set_lengthEm@GLIBCXX_3.4.21
                 U _ZNSt7__cxx1112basic_stringIcSt11char_traitsIcESaIcEE13_S_copy_charsEPcPKcS7_@GLIBCXX_3.4.21
                 U _ZNSt7__cxx1112basic_stringIcSt11char_traitsIcESaIcEE6appendEPKc@GLIBCXX_3.4.21
                 U _ZNSt7__cxx1112basic_stringIcSt11char_traitsIcESaIcEE6appendEPKcm@GLIBCXX_3.4.21
                 U _ZNSt7__cxx1112basic_stringIcSt11char_traitsIcESaIcEE6appendERKS4_@GLIBCXX_3.4.21
                 U _ZNSt7__cxx1112basic_stringIcSt11char_traitsIcESaIcEE6appendEmc@GLIBCXX_3.4.21
                 U _ZNSt7__cxx1112basic_stringIcSt11char_traitsIcESaIcEE6insertEmRKS4_@GLIBCXX_3.4.21
                 U _ZNSt7__cxx1112basic_stringIcSt11char_traitsIcESaIcEE7_M_dataEPc@GLIBCXX_3.4.21
                 U _ZNSt7__cxx1112basic_stringIcSt11char_traitsIcESaIcEE7reserveEm@GLIBCXX_3.4.21
                 U _ZNSt7__cxx1112basic_stringIcSt11char_traitsIcESaIcEE9_M_createERmm@GLIBCXX_3.4.21
                 U _ZNSt7__cxx1112basic_stringIcSt11char_traitsIcESaIcEE9push_backEc@GLIBCXX_3.4.21
                 U _ZNSt7__cxx1112basic_stringIcSt11char_traitsIcESaIcEEC1EOS4_@GLIBCXX_3.4.21
                 U _ZNSt7__cxx1112basic_stringIcSt11char_traitsIcESaIcEEC1ERKS3_@GLIBCXX_3.4.21
                 U _ZNSt7__cxx1112basic_stringIcSt11char_traitsIcESaIcEEC1ERKS4_@GLIBCXX_3.4.21
                 U _ZNSt7__cxx1112basic_stringIcSt11char_traitsIcESaIcEEC1Ev@GLIBCXX_3.4.21
00000000000089e6 W _ZNSt7__cxx1112basic_stringIcSt11char_traitsIcESaIcEEC1IS3_EEPKcRKS3_
000000000000be60 W _ZNSt7__cxx1112basic_stringIcSt11char_traitsIcESaIcEEC1IS3_EEmcRKS3_
00000000000089e6 W _ZNSt7__cxx1112basic_stringIcSt11char_traitsIcESaIcEEC2IS3_EEPKcRKS3_
000000000000be60 W _ZNSt7__cxx1112basic_stringIcSt11char_traitsIcESaIcEEC2IS3_EEmcRKS3_
                 U _ZNSt7__cxx1112basic_stringIcSt11char_traitsIcESaIcEED1Ev@GLIBCXX_3.4.21
                 U _ZNSt7__cxx1112basic_stringIcSt11char_traitsIcESaIcEEaSEOS4_@GLIBCXX_3.4.21
                 U _ZNSt7__cxx1112basic_stringIcSt11char_traitsIcESaIcEEaSEPKc@GLIBCXX_3.4.21
                 U _ZNSt7__cxx1112basic_stringIcSt11char_traitsIcESaIcEEaSERKS4_@GLIBCXX_3.4.21
                 U _ZNSt7__cxx1112basic_stringIcSt11char_traitsIcESaIcEEixEm@GLIBCXX_3.4.21
                 U _ZNSt7__cxx1119basic_istringstreamIcSt11char_traitsIcESaIcEE3strERKNS_12basic_stringIcS2_S3_EE@GLIBCXX_3.4.21
                 U _ZNSt7__cxx1119basic_istringstreamIcSt11char_traitsIcESaIcEEC1Ev@GLIBCXX_3.4.26
                 U _ZNSt7__cxx1119basic_istringstreamIcSt11char_traitsIcESaIcEED1Ev@GLIBCXX_3.4.21
                 U _ZNSt7__cxx1119basic_ostringstreamIcSt11char_traitsIcESaIcEEC1Ev@GLIBCXX_3.4.26
                 U _ZNSt7__cxx1119basic_ostringstreamIcSt11char_traitsIcESaIcEED1Ev@GLIBCXX_3.4.21
000000000000bcc5 W _ZNSt7__cxx119to_stringEi
000000000000bdd4 W _ZNSt8__detail14__to_chars_lenIjEEjT_i
000000000000bee0 W _ZNSt8__detail18__to_chars_10_implIjEEvPcjT_
                 U _ZNSt8ios_base4InitC1Ev@GLIBCXX_3.4
                 U _ZNSt8ios_base4InitD1Ev@GLIBCXX_3.4
00000000000087ae W _ZNSt8ios_base4setfESt13_Ios_FmtflagsS0_
0000000000012f5b W _ZSt10_ConstructINSt7__cxx1112basic_stringIcSt11char_traitsIcESaIcEEEJEEvPT_DpOT0_
00000000000094bd W _ZSt10__distanceIPKcENSt15iterator_traitsIT_E15difference_typeES3_S3_St26random_access_iterator_tag
0000000000012f95 W _ZSt10__fill_n_aIPimiET_S1_T0_RKT1_St26random_access_iterator_tag
0000000000008af4 W _ZSt11__addressofINSt7__cxx1112basic_stringIcSt11char_traitsIcESaIcEEEEPT_RS6_
0000000000009ca7 W _ZSt12__niter_baseIPNSt7__cxx1112basic_stringIcSt11char_traitsIcESaIcEEEET_S7_
0000000000009bf3 W _ZSt12__relocate_aIPNSt7__cxx1112basic_stringIcSt11char_traitsIcESaIcEEES6_SaIS5_EET0_T_S9_S8_RT1_
0000000000009cb9 W _ZSt14__relocate_a_1IPNSt7__cxx1112basic_stringIcSt11char_traitsIcESaIcEEES6_SaIS5_EET0_T_S9_S8_RT1_
0000000000009625 W _ZSt15__alloc_on_moveISaINSt7__cxx1112basic_stringIcSt11char_traitsIcESaIcEEEEEvRT_S8_
0000000000011f1d W _ZSt17__size_to_integerm
                 U _ZSt17__throw_bad_allocv@GLIBCXX_3.4
00000000000094af W _ZSt19__iterator_categoryIPKcENSt15iterator_traitsIT_E17iterator_categoryERKS3_
0000000000012f87 W _ZSt19__iterator_categoryIPiENSt15iterator_traitsIT_E17iterator_categoryERKS2_
0000000000009d4c W _ZSt19__relocate_object_aINSt7__cxx1112basic_stringIcSt11char_traitsIcESaIcEEES5_SaIS5_EEvPT_PT0_RT1_
                 U _ZSt19__throw_logic_errorPKc@GLIBCXX_3.4
                 U _ZSt20__throw_length_errorPKc@GLIBCXX_3.4
0000000000012d25 W _ZSt20uninitialized_fill_nIPimiET_S1_T0_RKT1_
0000000000012b71 W _ZSt24__uninitialized_fill_n_aIPimiiET_S1_T0_RKT1_RSaIT2_E
0000000000012d6d W _ZSt25__uninitialized_default_nIPNSt7__cxx1112basic_stringIcSt11char_traitsIcESaIcEEEmET_S7_T0_
0000000000012c2a W _ZSt27__uninitialized_default_n_aIPNSt7__cxx1112basic_stringIcSt11char_traitsIcESaIcEEEmS5_ET_S7_T0_RSaIT1_E
                 U _ZSt28__throw_bad_array_new_lengthv@GLIBCXX_3.4.29
0000000000008814 W _ZSt3decRSt8ios_base
0000000000008840 W _ZSt3hexRSt8ios_base
00000000000099ec W _ZSt3maxImERKT_S2_S2_
0000000000009c78 W _ZSt3minImERKT_S2_S2_
000000000001a3c0 B _ZSt4cerr@GLIBCXX_3.4
000000000001a280 B _ZSt4cout@GLIBCXX_3.4
                 U _ZSt4endlIcSt11char_traitsIcEERSt13basic_ostreamIT_T0_ES6_@GLIBCXX_3.4
0000000000008e99 W _ZSt4moveIRNSt7__cxx1112basic_stringIcSt11char_traitsIcESaIcEEEEONSt16remove_referenceIT_E4typeEOS8_
00000000000099b3 W _ZSt4moveIRSaINSt7__cxx1112basic_stringIcSt11char_traitsIcESaIcEEEEEONSt16remove_referenceIT_E4typeEOS9_
0000000000009102 W _ZSt4moveIRSt6vectorINSt7__cxx1112basic_stringIcSt11char_traitsIcESaIcEEESaIS6_EEEONSt16remove_referenceIT_E4typeEOSB_
000000000001204f W _ZSt5floorIiEN9__gnu_cxx11__enable_ifIXsrSt12__is_integerIT_E7__valueEdE6__typeES3_
0000000000012f13 W _ZSt6fill_nIPimiET_S1_T0_RKT1_
0000000000009de4 W _ZSt7forwardINSt7__cxx1112basic_stringIcSt11char_traitsIcESaIcEEEEOT_RNSt16remove_referenceIS6_E4typeE
0000000000009648 W _ZSt7forwardIRKNSt7__cxx1112basic_stringIcSt11char_traitsIcESaIcEEEEOT_RNSt16remove_referenceIS8_E4typeE
                 U _ZSt7getlineIcSt11char_traitsIcESaIcEERSt13basic_istreamIT_T0_ES7_RNSt7__cxx1112basic_stringIS4_S5_T1_EES4_@GLIBCXX_3.4.21
0000000000009aa3 W _ZSt8_DestroyINSt7__cxx1112basic_stringIcSt11char_traitsIcESaIcEEEEvPT_
0000000000009519 W _ZSt8_DestroyIPNSt7__cxx1112basic_stringIcSt11char_traitsIcESaIcEEEEvT_S7_
00000000000090d4 W _ZSt8_DestroyIPNSt7__cxx1112basic_stringIcSt11char_traitsIcESaIcEEES5_EvT_S7_RSaIT0_E
0000000000012ba6 W _ZSt8_DestroyIPiEvT_S1_
000000000001271c W _ZSt8_DestroyIPiiEvT_S1_RSaIT0_E
0000000000012ff6 W _ZSt8__fill_aIPiiEvT_S1_RKT0_
0000000000008eab W _ZSt8distanceIPKcENSt15iterator_traitsIT_E15difference_typeES3_S3_
0000000000013028 W _ZSt9__fill_a1IPiiEN9__gnu_cxx11__enable_ifIXsrSt11__is_scalarIT0_E7__valueEvE6__typeET_S8_RKS4_
000000000001a520 b _ZStL8__ioinit
000000000001a590 b _ZStL8__ioinit
000000000001a718 b _ZStL8__ioinit
000000000001a9e8 b _ZStL8__ioinit
000000000000877d W _ZStaNRSt13_Ios_FmtflagsS_
000000000000870e W _ZStanSt13_Ios_FmtflagsS_
000000000000873a W _ZStcoSt13_Ios_Fmtflags
                 U _ZStlsISt11char_traitsIcEERSt13basic_ostreamIcT_ES5_PKc@GLIBCXX_3.4
                 U _ZStlsISt11char_traitsIcEERSt13basic_ostreamIcT_ES5_PKh@GLIBCXX_3.4
                 U _ZStlsIcSt11char_traitsIcESaIcEERSt13basic_ostreamIT_T0_ES7_RKNSt7__cxx1112basic_stringIS4_S5_T1_EE@GLIBCXX_3.4.21
000000000000874c W _ZStoRRSt13_Ios_FmtflagsS_
0000000000008724 W _ZStorSt13_Ios_FmtflagsS_
0000000000011f8d W _ZStorSt13_Ios_OpenmodeS_
000000000000c1e6 W _ZStplIcSt11char_traitsIcESaIcEENSt7__cxx1112basic_stringIT_T0_T1_EEOS8_PKS5_
0000000000008aa9 W _ZStplIcSt11char_traitsIcESaIcEENSt7__cxx1112basic_stringIT_T0_T1_EEOS8_RKS8_
0000000000008e4b W _ZStplIcSt11char_traitsIcESaIcEENSt7__cxx1112basic_stringIT_T0_T1_EEOS8_S5_
000000000000bfcc W _ZStplIcSt11char_traitsIcESaIcEENSt7__cxx1112basic_stringIT_T0_T1_EEOS8_S9_
000000000000c0b5 W _ZStplIcSt11char_traitsIcESaIcEENSt7__cxx1112basic_stringIT_T0_T1_EEPKS5_RKS8_
000000000000897d W _ZStplIcSt11char_traitsIcESaIcEENSt7__cxx1112basic_stringIT_T0_T1_EERKS8_PKS5_
000000000001a980 b _ZZ11insert_portiiE1m
000000000001a720 b _ZZ15b_base64_decodeRKNSt7__cxx1112basic_stringIcSt11char_traitsIcESaIcEEEE1b
000000000001a960 b _ZZ15h_base64_decodePKhiPiE11table_built
000000000001a760 b _ZZ15h_base64_decodePKhiPiE13reverse_table
000000000001a9c0 b _ZZ8pop_portiE1m
00000000000145e0 u _ZZNSt8__detail18__to_chars_10_implIjEEvPcjT_E8__digits
00000000000086bd W _ZdlPvS_
                 U _ZdlPvm@CXXABI_1.3.9
                 U _Znam@GLIBCXX_3.4
                 U _Znwm@GLIBCXX_3.4
00000000000086a7 W _ZnwmPv
0000000000017ca0 r __FRAME_END__
0000000000014c30 r __GNU_EH_FRAME_HDR
000000000001a208 D __TMC_END__
000000000000038c r __abi_tag
000000000001a208 B __bss_start
                 U __cxa_atexit@GLIBC_2.2.5
                 U __cxa_begin_catch@CXXABI_1.3
                 U __cxa_end_catch@CXXABI_1.3
                 w __cxa_finalize@GLIBC_2.2.5
                 U __cxa_guard_abort@CXXABI_1.3
                 U __cxa_guard_acquire@CXXABI_1.3
                 U __cxa_guard_release@CXXABI_1.3
                 U __cxa_rethrow@CXXABI_1.3
                 U __cxa_throw_bad_array_new_length@CXXABI_1.3.8
000000000001a000 D __data_start
00000000000067d0 t __do_global_dtors_aux
00000000000197a8 d __do_global_dtors_aux_fini_array_entry
000000000001a008 D __dso_handle
                 U __errno_location@GLIBC_2.2.5
0000000000019780 d __frame_dummy_init_array_entry
                 w __gmon_start__
                 U __gxx_personality_v0@CXXABI_1.3
                 U __libc_start_main@GLIBC_2.34
                 U __stack_chk_fail@GLIBC_2.4
000000000001a208 D _edata
000000000001a9f0 B _end
0000000000013128 T _fini
0000000000005000 T _init
0000000000006730 T _start
                 U abort@GLIBC_2.2.5
                 U accept@GLIBC_2.2.5
                 U atoi@GLIBC_2.2.5
                 U bind@GLIBC_2.2.5
                 U calloc@GLIBC_2.2.5
                 U clock@GLIBC_2.2.5
                 U close@GLIBC_2.2.5
000000000001a4d0 b completed.0
000000000001a000 W data_start
0000000000006760 t deregister_tm_clones
                 U exit@GLIBC_2.2.5
                 U fclose@GLIBC_2.2.5
                 U fflush@GLIBC_2.2.5
                 U fopen@GLIBC_2.2.5
000000000001a4e0 B for_res_packet
                 U fprintf@GLIBC_2.2.5
0000000000006810 t frame_dummy
                 U free@GLIBC_2.2.5
                 U ftime@GLIBC_2.2.5
                 U fwrite@GLIBC_2.2.5
000000000001a660 B g_pNetwork
                 U getpid@GLIBC_2.2.5
                 U htonl@GLIBC_2.2.5
                 U htons@GLIBC_2.2.5
000000000001a604 B key_threshold
                 U listen@GLIBC_2.2.5
                 U localtime_r@GLIBC_2.2.5
0000000000013063 T main
                 U malloc@GLIBC_2.2.5
                 U memcmp@GLIBC_2.2.5
                 U memset@GLIBC_2.2.5
                 U mkdir@GLIBC_2.2.5
                 U mysql_close@libmysqlclient_21.0
                 U mysql_error@libmysqlclient_21.0
                 U mysql_fetch_row@libmysqlclient_21.0
                 U mysql_free_result@libmysqlclient_21.0
                 U mysql_init@libmysqlclient_21.0
                 U mysql_query@libmysqlclient_21.0
                 U mysql_real_connect@libmysqlclient_21.0
                 U mysql_use_result@libmysqlclient_21.0
                 U nanosleep@GLIBC_2.2.5
000000000001a600 B num_of_share
000000000001a020 D parser_desp
000000000001a5d0 B prikeyfile_path
                 U printf@GLIBC_2.2.5
                 U pthread_create@GLIBC_2.34
                 U pthread_detach@GLIBC_2.34
                 U pthread_join@GLIBC_2.34
                 U pthread_mutex_init@GLIBC_2.2.5
                 U pthread_mutex_trylock@GLIBC_2.34
                 U pthread_mutex_unlock@GLIBC_2.2.5
                 U pthread_self@GLIBC_2.2.5
000000000001a5c8 B pubkeyfile_path
                 U rand@GLIBC_2.2.5
                 U recv@GLIBC_2.2.5
0000000000006790 t register_tm_clones
000000000001a608 B salt
                 U select@GLIBC_2.2.5
                 U send@GLIBC_2.2.5
000000000001a668 B sendDataPacket
                 U setsockopt@GLIBC_2.2.5
                 U sleep@GLIBC_2.2.5
                 U socket@GLIBC_2.2.5
                 U sprintf@GLIBC_2.2.5
                 U srand@GLIBC_2.2.5
000000000001a3a0 B stderr@GLIBC_2.2.5
000000000001a240 B stdout@GLIBC_2.2.5
000000000001a5a8 B storage_dir
                 U strchr@GLIBC_2.2.5
                 U strcpy@GLIBC_2.2.5
                 U strcspn@GLIBC_2.2.5
                 U strdup@GLIBC_2.2.5
                 U strerror@GLIBC_2.2.5
                 U strftime@GLIBC_2.2.5
                 U strlen@GLIBC_2.2.5
                 U strspn@GLIBC_2.2.5
                 U strtol@GLIBC_2.2.5
                 U time@GLIBC_2.2.5
                 U usleep@GLIBC_2.2.5
