         U abort@GLIBC_2.4
         U accept@GLIBC_2.4
         U __aeabi_atexit@CXXABI_ARM_1.3.3
         U __aeabi_unwind_cpp_pr1@GCC_3.5
0001923c r all_implied_fbits
00019b90 r all_implied_fbits
0002b2fc B ASYNC_BUFSIZE
0002b38c B bDB
         U bind@GLIBC_2.4
0002b414 B __bss_end__
0002b414 B _bss_end__
0002b240 B __bss_start
0002b240 B __bss_start__
000126f0 t call_weak_fn
0002b380 B CID
0002b2f4 B CID_size
0002b368 B CID_size_D
         U close@GLIBC_2.4
0002b2f8 B CMD_HDR_SIZE
0002b35c B CMD_HDR_SIZE_D
0002b2e0 b completed.0
         U __cxa_begin_catch@CXXABI_1.3
         U __cxa_end_catch@CXXABI_1.3
         U __cxa_end_cleanup@CXXABI_1.3
         U __cxa_rethrow@CXXABI_1.3
         U __cxa_throw_bad_array_new_length@CXXABI_1.3.8
0002b1d4 D __data_start
0002b1d4 W data_start
0002b354 B DB_database
0002b348 B DB_IP
0002b350 B DB_password
0002b34c B DB_user
00012714 t deregister_tm_clones
00012778 t __do_global_dtors_aux
0002aeec d __do_global_dtors_aux_fini_array_entry
0002b1d8 D __dso_handle
0002aef0 d _DYNAMIC
0002b240 D _edata
0002b414 B __end__
0002b414 B _end
         U __errno_location@GLIBC_2.4
         U exit@GLIBC_2.4
         U fclose@GLIBC_2.4
         U fflush@GLIBC_2.4
0002b384 B file
00019230 T _fini
         U fopen@GLIBC_2.4
0002b36c B for_res_packet
         U fprintf@GLIBC_2.4
000127a0 t frame_dummy
0002aedc d __frame_dummy_init_array_entry
0001a490 r __FRAME_END__
         U free@GLIBC_2.4
         U ftime@GLIBC_2.4
         U fwrite@GLIBC_2.4
0002b000 d _GLOBAL_OFFSET_TABLE_
00017b64 t _GLOBAL__sub_I_DB_IP
00014ec8 t _GLOBAL__sub_I_main
00014828 t _GLOBAL__sub_I_SERVER_PORT
         w __gmon_start__
0002b304 B g_pNetwork
         U __gxx_personality_v0@CXXABI_1.3
0002b378 B Hash
0002b2ec B Hash_size
0002b360 B Hash_size_D
         U htonl@GLIBC_2.4
         U htons@GLIBC_2.4
0002b358 B image_dir
00012148 T _init
0002aeec d __init_array_end
0002aedc d __init_array_start
00019238 R _IO_stdin_used
         w _ITM_deregisterTMCloneTable
         w _ITM_registerTMCloneTable
0001922c T __libc_csu_fini
000191cc T __libc_csu_init
         U __libc_start_main@GLIBC_2.4
         U listen@GLIBC_2.4
         U localtime_r@GLIBC_2.4
00014df8 T main
         U malloc@GLIBC_2.4
0002b300 B MAX_USER_CNT
         U memcpy@GLIBC_2.4
         U memset@GLIBC_2.4
         U mkdir@GLIBC_2.4
         U mysql_close@libmysqlclient_18
         U mysql_error@libmysqlclient_18
         U mysql_fetch_row@libmysqlclient_18
         U mysql_free_result@libmysqlclient_18
         U mysql_init@libmysqlclient_18
         U mysql_query@libmysqlclient_18
         U mysql_real_connect@libmysqlclient_18
         U mysql_use_result@libmysqlclient_18
         U nanosleep@GLIBC_2.4
0002b1e0 D parser_desp
0002b1dc D p_packet
         U printf@GLIBC_2.4
         U pthread_create@GLIBC_2.4
         U pthread_detach@GLIBC_2.4
         U pthread_join@GLIBC_2.4
         w __pthread_key_create@GLIBC_2.4
         U pthread_mutex_init@GLIBC_2.4
         w pthread_mutex_trylock@GLIBC_2.4
         w pthread_mutex_unlock@GLIBC_2.4
         U pthread_self@GLIBC_2.4
0002b374 B recv_buf
         U recv@GLIBC_2.4
00012740 t register_tm_clones
         U select@GLIBC_2.4
0002b308 B sendDataPacket
         U send@GLIBC_2.4
0002b2e4 B SERVER_PORT
         U setsockopt@GLIBC_2.4
0002b37c B Signed_Hash
0002b2f0 B Signed_Hash_size
0002b364 B Signed_Hash_size_D
         U sleep@GLIBC_2.4
         U socket@GLIBC_2.4
000126b4 T _start
0002b240 B stderr@GLIBC_2.4
0002b2dc B stdout@GLIBC_2.4
0002b2e8 B storage_dir
         U strcpy@GLIBC_2.4
         U strerror@GLIBC_2.4
         U strftime@GLIBC_2.4
         U strlen@GLIBC_2.4
0002b240 D __TMC_END__
         U usleep@GLIBC_2.4
0002b388 B x
000176f0 T _Z10cmd_parser7IO_PORTP12HEADERPACKET
00014384 T _Z10initServerv
00012f6c T _Z10makePackethhhj
00015510 T _Z10mkdir_funcNSt7__cxx1112basic_stringIcSt11char_traitsIcESaIcEEE
00014624 T _Z10termServerv
0001375c T _Z11bind_socketji
0001479c T _Z11closesocketj
00012e44 T _Z11insert_portii
00014ee4 T _Z11Read_DB_cfgv
000134fc T _Z11recv_binaryP7IO_PORTlPv
0001333c T _Z11send_binaryP7IO_PORTlPv
00016b50 T _Z11term_socketP12HEADERPACKETP7IO_PORT
00013610 T _Z13create_socketv
000169b4 T _Z14reshape_bufferii
00017544 T _Z14verify_requestP12HEADERPACKETP7IO_PORT
0001693c T _Z15make_res_Packethhhj
000175cc T _Z15prover_responseP12HEADERPACKETP7IO_PORT
00016c98 T _Z15public_key_sendP12HEADERPACKETP7IO_PORT
000127e0 T _Z15Read_server_cfgv
0001756c T _Z15verify_responseP12HEADERPACKETP7IO_PORT
00017028 T _Z15video_data_sendP12HEADERPACKETP7IO_PORT
00016c4c T _Z16nice_to_meet_youP12HEADERPACKETP7IO_PORT
00017594 T _Z16verify_to_proverP12HEADERPACKETP7IO_PORT
00016fcc T _Z19public_key_responseP12HEADERPACKETP7IO_PORT
000174f8 T _Z19video_data_responseP12HEADERPACKETP7IO_PORT
00012c44 T _Z2cpNSt7__cxx1112basic_stringIcSt11char_traitsIcESaIcEEE
000147c4 t _Z41__static_initialization_and_destruction_0ii
00014e64 t _Z41__static_initialization_and_destruction_0ii
00017a08 t _Z41__static_initialization_and_destruction_0ii
000175f4 T _Z4testP12HEADERPACKETP7IO_PORT
0002b3f8 B _Z5s_dirB5cxx11
00012c84 T _Z6getCIDB5cxx11v
00016bd4 T _Z7hi_i_amP12HEADERPACKETP7IO_PORT
00012f00 T _Z8pop_porti
         U _ZdaPv@GLIBCXX_3.4
         U _ZdlPvj@CXXABI_1.3.9
000127a4 t _ZL18__gthread_active_pv
000138f0 t _ZL19ClientServiceThreadPv
00014894 t _ZL22__gthread_mutex_unlockP15pthread_mutex_t
00014844 t _ZL23__gthread_mutex_trylockP15pthread_mutex_t
00013170 t _ZL6__recvP7IO_PORTPvi
00012fe4 t _ZL6__sendP7IO_PORTPvi
00013e84 t _ZL9listenThdPv
0001674c T _ZN13bout_database11print_queryEv
00015944 T _ZN13bout_database12initDatabaseEP7db_user
00015860 T _ZN13bout_database14get_table_nameEv
00015c28 T _ZN13bout_database15insert_databaseEPcS0_S0_
00015b24 T _ZN13bout_database15select_databaseEPcRNSt7__cxx1112basic_stringIcSt11char_traitsIcESaIcEEES7_S7_
00015fc4 T _ZN13bout_database15update_databaseEPc
00016104 T _ZN13bout_database17get_latest_key_IDB5cxx11EPc
00015e70 T _ZN13bout_database18insert_pk_databaseENSt7__cxx1112basic_stringIcSt11char_traitsIcESaIcEEEPc
00015a74 T _ZN13bout_database19mysql_perform_queryEP8st_mysqlPc
000159b8 T _ZN13bout_database22mysql_connection_setupE7db_user
000161f4 T _ZN13bout_database8get_listERSt6vectorINSt7__cxx1112basic_stringIcSt11char_traitsIcESaIcEEESaIS6_EES6_S6_S6_i
000155f0 T _ZN13bout_databaseC1Ev
000155f0 T _ZN13bout_databaseC2Ev
000157f0 T _ZN13bout_databaseD1Ev
000157f0 T _ZN13bout_databaseD2Ev
         U _ZN4Json15parseFromStreamERKNS_10CharReader7FactoryERSiPNS_5ValueEPNSt7__cxx1112basic_stringIcSt11char_traitsIcESaIcEEE
         U _ZN4Json17CharReaderBuilderC1Ev
         U _ZN4Json17CharReaderBuilderD1Ev
         U _ZN4Json17CharReaderBuilderixERKNSt7__cxx1112basic_stringIcSt11char_traitsIcESaIcEEE
         U _ZN4Json5ValueaSEOS0_
         U _ZN4Json5ValueC1Eb
         U _ZN4Json5ValueC1ENS_9ValueTypeE
         U _ZN4Json5ValueD1Ev
         U _ZN4Json5ValueixEPKc
00018d48 W _ZN9__gnu_cxx13new_allocatorINSt7__cxx1112basic_stringIcSt11char_traitsIcESaIcEEEE10deallocateEPS6_j
00018aa4 W _ZN9__gnu_cxx13new_allocatorINSt7__cxx1112basic_stringIcSt11char_traitsIcESaIcEEEE7destroyIS6_EEvPT_
00018ba4 W _ZN9__gnu_cxx13new_allocatorINSt7__cxx1112basic_stringIcSt11char_traitsIcESaIcEEEE8allocateEjPKv
00018500 W _ZN9__gnu_cxx13new_allocatorINSt7__cxx1112basic_stringIcSt11char_traitsIcESaIcEEEE9constructIS6_JS6_EEEvPT_DpOT0_
00017fd0 W _ZN9__gnu_cxx14__alloc_traitsISaIcEcE17_S_select_on_copyERKS1_
00018550 W _ZN9__gnu_cxx17__normal_iteratorIPNSt7__cxx1112basic_stringIcSt11char_traitsIcESaIcEEESt6vectorIS6_SaIS6_EEEC1ERKS7_
00018550 W _ZN9__gnu_cxx17__normal_iteratorIPNSt7__cxx1112basic_stringIcSt11char_traitsIcESaIcEEESt6vectorIS6_SaIS6_EEEC2ERKS7_
000192e8 r _ZN9__gnu_cxxL21__default_lock_policyE
00019668 r _ZN9__gnu_cxxL21__default_lock_policyE
0001968c r _ZN9__gnu_cxxL21__default_lock_policyE
000186a4 W _ZN9__gnu_cxxmiIPNSt7__cxx1112basic_stringIcSt11char_traitsIcESaIcEEESt6vectorIS6_SaIS6_EEEENS_17__normal_iteratorIT_T0_E15difference_typeERKSE_SH_
         U _Znaj@GLIBCXX_3.4
         U _ZNK4Json5Value5asIntEv
         U _ZNK4Json5Value8asStringB5cxx11Ev
00018dfc W _ZNK9__gnu_cxx13new_allocatorINSt7__cxx1112basic_stringIcSt11char_traitsIcESaIcEEEE11_M_max_sizeEv
00018ff8 W _ZNK9__gnu_cxx13new_allocatorINSt7__cxx1112basic_stringIcSt11char_traitsIcESaIcEEEE8max_sizeEv
000187a4 W _ZNK9__gnu_cxx17__normal_iteratorIPNSt7__cxx1112basic_stringIcSt11char_traitsIcESaIcEEESt6vectorIS6_SaIS6_EEE4baseEv
00018b80 W _ZNKSt12_Vector_baseINSt7__cxx1112basic_stringIcSt11char_traitsIcESaIcEEESaIS5_EE19_M_get_Tp_allocatorEv
000191a4 W _ZNKSt13move_iteratorIPNSt7__cxx1112basic_stringIcSt11char_traitsIcESaIcEEEE4baseEv
000190e8 W _ZNKSt13move_iteratorIPNSt7__cxx1112basic_stringIcSt11char_traitsIcESaIcEEEEdeEv
000148e4 W _ZNKSt6chrono8durationIxSt5ratioILx1ELx1000000000EEE5countEv
000149d0 W _ZNKSt6chrono8durationIxSt5ratioILx1ELx1EEE5countEv
00018588 W _ZNKSt6vectorINSt7__cxx1112basic_stringIcSt11char_traitsIcESaIcEEESaIS5_EE12_M_check_lenEjPKc
00018918 W _ZNKSt6vectorINSt7__cxx1112basic_stringIcSt11char_traitsIcESaIcEEESaIS5_EE4sizeEv
000188e0 W _ZNKSt6vectorINSt7__cxx1112basic_stringIcSt11char_traitsIcESaIcEEESaIS5_EE8max_sizeEv
         U _ZNKSt7__cxx1112basic_stringIcSt11char_traitsIcESaIcEE13get_allocatorEv@GLIBCXX_3.4.21
         U _ZNKSt7__cxx1112basic_stringIcSt11char_traitsIcESaIcEE4sizeEv@GLIBCXX_3.4.21
         U _ZNKSt7__cxx1112basic_stringIcSt11char_traitsIcESaIcEE5c_strEv@GLIBCXX_3.4.21
         U _ZNKSt7__cxx1112basic_stringIcSt11char_traitsIcESaIcEE6lengthEv@GLIBCXX_3.4.21
         U _ZNKSt7__cxx1112basic_stringIcSt11char_traitsIcESaIcEE6substrEjj@GLIBCXX_3.4.21
         U _ZNKSt7__cxx1119basic_ostringstreamIcSt11char_traitsIcESaIcEE3strEv@GLIBCXX_3.4.21
         U _ZNSaIcEC1ERKS_@GLIBCXX_3.4
         U _ZNSaIcEC1Ev@GLIBCXX_3.4
         U _ZNSaIcED1Ev@GLIBCXX_3.4
         U _ZNSolsEi@GLIBCXX_3.4
         U _ZNSolsEj@GLIBCXX_3.4
         U _ZNSolsEPFRSoS_E@GLIBCXX_3.4
         U _ZNSolsEPFRSt8ios_baseS0_E@GLIBCXX_3.4
         U _ZNSolsEt@GLIBCXX_3.4
00017ba8 W _ZNSt11char_traitsIcE6lengthEPKc
00014b9c W _ZNSt11this_thread9sleep_forIxSt5ratioILx1ELx1EEEEvRKNSt6chrono8durationIT_T0_EE
00018cf4 W _ZNSt12_Destroy_auxILb0EE9__destroyIPNSt7__cxx1112basic_stringIcSt11char_traitsIcESaIcEEEEEvT_S9_
00018718 W _ZNSt12_Vector_baseINSt7__cxx1112basic_stringIcSt11char_traitsIcESaIcEEESaIS5_EE11_M_allocateEj
0001889c W _ZNSt12_Vector_baseINSt7__cxx1112basic_stringIcSt11char_traitsIcESaIcEEESaIS5_EE13_M_deallocateEPS5_j
000187c8 W _ZNSt12_Vector_baseINSt7__cxx1112basic_stringIcSt11char_traitsIcESaIcEEESaIS5_EE19_M_get_Tp_allocatorEv
00018c74 W _ZNSt13move_iteratorIPNSt7__cxx1112basic_stringIcSt11char_traitsIcESaIcEEEEC1ES6_
00018c74 W _ZNSt13move_iteratorIPNSt7__cxx1112basic_stringIcSt11char_traitsIcESaIcEEEEC2ES6_
000190b0 W _ZNSt13move_iteratorIPNSt7__cxx1112basic_stringIcSt11char_traitsIcESaIcEEEEppEv
         U _ZNSt14basic_ifstreamIcSt11char_traitsIcEEC1EPKcSt13_Ios_Openmode@GLIBCXX_3.4
         U _ZNSt14basic_ifstreamIcSt11char_traitsIcEED1Ev@GLIBCXX_3.4
000180a0 W _ZNSt16allocator_traitsISaIcEE37select_on_container_copy_constructionERKS0_
00018af8 W _ZNSt16allocator_traitsISaINSt7__cxx1112basic_stringIcSt11char_traitsIcESaIcEEEEE10deallocateERS6_PS5_j
00018840 W _ZNSt16allocator_traitsISaINSt7__cxx1112basic_stringIcSt11char_traitsIcESaIcEEEEE7destroyIS5_EEvRS6_PT_
000189c4 W _ZNSt16allocator_traitsISaINSt7__cxx1112basic_stringIcSt11char_traitsIcESaIcEEEEE8allocateERS6_j
00018d8c W _ZNSt16allocator_traitsISaINSt7__cxx1112basic_stringIcSt11char_traitsIcESaIcEEEEE8max_sizeERKS6_
000180f0 W _ZNSt16allocator_traitsISaINSt7__cxx1112basic_stringIcSt11char_traitsIcESaIcEEEEE9constructIS5_JS5_EEEvRS6_PT_DpOT0_
00018ef4 W _ZNSt20__uninitialized_copyILb0EE13__uninit_copyISt13move_iteratorIPNSt7__cxx1112basic_stringIcSt11char_traitsIcESaIcEEEES9_EET0_T_SC_SB_
000149a8 W _ZNSt5mutex6unlockEv
0001496c W _ZNSt5mutex8try_lockEv
00014ae8 W _ZNSt6chrono13duration_castINS_8durationIxSt5ratioILx1ELx1000000000EEEExS2_ILx1ELx1EEEENSt9enable_ifIXsrNS_13__is_durationIT_EE5valueES8_E4typeERKNS1_IT0_T1_EE
00014ab4 W _ZNSt6chrono13duration_castINS_8durationIxSt5ratioILx1ELx1EEEExS3_EENSt9enable_ifIXsrNS_13__is_durationIT_EE5valueES7_E4typeERKNS1_IT0_T1_EE
00014948 W _ZNSt6chrono15duration_valuesIxE4zeroEv
00014d8c W _ZNSt6chrono20__duration_cast_implINS_8durationIxSt5ratioILx1ELx1000000000EEEES2_ILx1000000000ELx1EExLb0ELb1EE6__castIxS2_ILx1ELx1EEEES4_RKNS1_IT_T0_EE
00014d48 W _ZNSt6chrono20__duration_cast_implINS_8durationIxSt5ratioILx1ELx1EEEES3_xLb1ELb1EE6__castIxS3_EES4_RKNS1_IT_T0_EE
00014910 W _ZNSt6chrono8durationIxSt5ratioILx1ELx1000000000EEEC1IxvEERKT_
00014a78 W _ZNSt6chrono8durationIxSt5ratioILx1ELx1EEE4zeroEv
000149fc W _ZNSt6chrono8durationIxSt5ratioILx1ELx1EEEC1IivEERKT_
00014d10 W _ZNSt6chrono8durationIxSt5ratioILx1ELx1EEEC1IxvEERKT_
000149fc W _ZNSt6chrono8durationIxSt5ratioILx1ELx1EEEC2IivEERKT_
00014d10 W _ZNSt6chrono8durationIxSt5ratioILx1ELx1EEEC2IxvEERKT_
00014a40 W _ZNSt6chronoleIxSt5ratioILx1ELx1EExS2_EEbRKNS_8durationIT_T0_EERKNS3_IT1_T2_EE
00014c9c W _ZNSt6chronoltIxSt5ratioILx1ELx1EExS2_EEbRKNS_8durationIT_T0_EERKNS3_IT1_T2_EE
00014b1c W _ZNSt6chronomiIxSt5ratioILx1ELx1EExS2_EENSt11common_typeIJNS_8durationIT_T0_EENS4_IT1_T2_EEEE4typeERKS7_RKSA_
00018b2c W _ZNSt6vectorINSt7__cxx1112basic_stringIcSt11char_traitsIcESaIcEEESaIS5_EE11_S_max_sizeERKS6_
00018760 W _ZNSt6vectorINSt7__cxx1112basic_stringIcSt11char_traitsIcESaIcEEESaIS5_EE11_S_relocateEPS5_S8_S8_RS6_
00018000 W _ZNSt6vectorINSt7__cxx1112basic_stringIcSt11char_traitsIcESaIcEEESaIS5_EE12emplace_backIJS5_EEEvDpOT_
000189f8 W _ZNSt6vectorINSt7__cxx1112basic_stringIcSt11char_traitsIcESaIcEEESaIS5_EE14_S_do_relocateEPS5_S8_S8_RS6_St17integral_constantIbLb1EE
00018168 W _ZNSt6vectorINSt7__cxx1112basic_stringIcSt11char_traitsIcESaIcEEESaIS5_EE15_S_use_relocateEv
000181b0 W _ZNSt6vectorINSt7__cxx1112basic_stringIcSt11char_traitsIcESaIcEEESaIS5_EE17_M_realloc_insertIJS5_EEEvN9__gnu_cxx17__normal_iteratorIPS5_S7_EEDpOT_
0001818c W _ZNSt6vectorINSt7__cxx1112basic_stringIcSt11char_traitsIcESaIcEEESaIS5_EE19_S_nothrow_relocateESt17integral_constantIbLb1EE
00018130 W _ZNSt6vectorINSt7__cxx1112basic_stringIcSt11char_traitsIcESaIcEEESaIS5_EE3endEv
00018670 W _ZNSt6vectorINSt7__cxx1112basic_stringIcSt11char_traitsIcESaIcEEESaIS5_EE5beginEv
00017f74 W _ZNSt6vectorINSt7__cxx1112basic_stringIcSt11char_traitsIcESaIcEEESaIS5_EE9push_backEOS5_
         U _ZNSt7__cxx1112basic_stringIcSt11char_traitsIcESaIcEE6appendEPKc@GLIBCXX_3.4.21
         U _ZNSt7__cxx1112basic_stringIcSt11char_traitsIcESaIcEE6appendEPKcj@GLIBCXX_3.4.21
         U _ZNSt7__cxx1112basic_stringIcSt11char_traitsIcESaIcEE6appendERKS4_@GLIBCXX_3.4.21
         U _ZNSt7__cxx1112basic_stringIcSt11char_traitsIcESaIcEE7reserveEj@GLIBCXX_3.4.21
         U _ZNSt7__cxx1112basic_stringIcSt11char_traitsIcESaIcEEaSEOS4_@GLIBCXX_3.4.21
         U _ZNSt7__cxx1112basic_stringIcSt11char_traitsIcESaIcEEaSEPKc@GLIBCXX_3.4.21
         U _ZNSt7__cxx1112basic_stringIcSt11char_traitsIcESaIcEEaSERKS4_@GLIBCXX_3.4.21
         U _ZNSt7__cxx1112basic_stringIcSt11char_traitsIcESaIcEEC1EOS4_@GLIBCXX_3.4.21
         U _ZNSt7__cxx1112basic_stringIcSt11char_traitsIcESaIcEEC1EPKcRKS3_@GLIBCXX_3.4.21
         U _ZNSt7__cxx1112basic_stringIcSt11char_traitsIcESaIcEEC1ERKS3_@GLIBCXX_3.4.21
         U _ZNSt7__cxx1112basic_stringIcSt11char_traitsIcESaIcEEC1ERKS4_@GLIBCXX_3.4.21
         U _ZNSt7__cxx1112basic_stringIcSt11char_traitsIcESaIcEEC1Ev@GLIBCXX_3.4.21
         U _ZNSt7__cxx1112basic_stringIcSt11char_traitsIcESaIcEED1Ev@GLIBCXX_3.4.21
         U _ZNSt7__cxx1112basic_stringIcSt11char_traitsIcESaIcEEixEj@GLIBCXX_3.4.21
         U _ZNSt7__cxx1119basic_ostringstreamIcSt11char_traitsIcESaIcEEC1Ev@GLIBCXX_3.4.26
         U _ZNSt7__cxx1119basic_ostringstreamIcSt11char_traitsIcESaIcEED1Ev@GLIBCXX_3.4.21
         U _ZNSt8ios_base4InitC1Ev@GLIBCXX_3.4
         U _ZNSt8ios_base4InitD1Ev@GLIBCXX_3.4
00017ce0 W _ZNSt8ios_base4setfESt13_Ios_FmtflagsS0_
         U _Znwj@GLIBCXX_3.4
00017b80 W _ZnwjPv
00019110 W _ZSt10_ConstructINSt7__cxx1112basic_stringIcSt11char_traitsIcESaIcEEEJS5_EEvPT_DpOT0_
00018fb0 W _ZSt11__addressofINSt7__cxx1112basic_stringIcSt11char_traitsIcESaIcEEEEPT_RS6_
00018e24 W _ZSt12__niter_baseIPNSt7__cxx1112basic_stringIcSt11char_traitsIcESaIcEEEET_S7_
00018c14 W _ZSt12__relocate_aIPNSt7__cxx1112basic_stringIcSt11char_traitsIcESaIcEEES6_SaIS5_EET0_T_S9_S8_RT1_
00018e48 W _ZSt14__relocate_a_1IPNSt7__cxx1112basic_stringIcSt11char_traitsIcESaIcEEES6_SaIS5_EET0_T_S9_S8_RT1_
         U _ZSt17__throw_bad_allocv@GLIBCXX_3.4
00018cb4 W _ZSt18uninitialized_copyISt13move_iteratorIPNSt7__cxx1112basic_stringIcSt11char_traitsIcESaIcEEEES7_ET0_T_SA_S9_
00019020 W _ZSt19__relocate_object_aINSt7__cxx1112basic_stringIcSt11char_traitsIcESaIcEEES5_SaIS5_EEvPT_PT0_RT1_
         U _ZSt20__throw_length_errorPKc@GLIBCXX_3.4
00018a68 W _ZSt22__uninitialized_copy_aISt13move_iteratorIPNSt7__cxx1112basic_stringIcSt11char_traitsIcESaIcEEEES7_S6_ET0_T_SA_S9_RSaIT1_E
00018a38 W _ZSt32__make_move_if_noexcept_iteratorINSt7__cxx1112basic_stringIcSt11char_traitsIcESaIcEEESt13move_iteratorIPS5_EET0_PT_
000187ec W _ZSt34__uninitialized_move_if_noexcept_aIPNSt7__cxx1112basic_stringIcSt11char_traitsIcESaIcEEES6_SaIS5_EET0_T_S9_S8_RT1_
00017d58 W _ZSt3decRSt8ios_base
00017d88 W _ZSt3hexRSt8ios_base
0001897c W _ZSt3maxIjERKT_S2_S2_
00018db4 W _ZSt3minIjERKT_S2_S2_
0002b250 B _ZSt4cout@GLIBCXX_3.4
         U _ZSt4endlIcSt11char_traitsIcEERSt13basic_ostreamIT_T0_ES6_@GLIBCXX_3.4
00017fac W _ZSt4moveIRNSt7__cxx1112basic_stringIcSt11char_traitsIcESaIcEEEEONSt16remove_referenceIT_E4typeEOS8_
00018ed0 W _ZSt4moveIRPNSt7__cxx1112basic_stringIcSt11char_traitsIcESaIcEEEEONSt16remove_referenceIT_E4typeEOS9_
000180cc W _ZSt7forwardINSt7__cxx1112basic_stringIcSt11char_traitsIcESaIcEEEEOT_RNSt16remove_referenceIS6_E4typeE
00018fd4 W _ZSt8_DestroyINSt7__cxx1112basic_stringIcSt11char_traitsIcESaIcEEEEvPT_
00018acc W _ZSt8_DestroyIPNSt7__cxx1112basic_stringIcSt11char_traitsIcESaIcEEEEvT_S7_
0001886c W _ZSt8_DestroyIPNSt7__cxx1112basic_stringIcSt11char_traitsIcESaIcEEES5_EvT_S7_RSaIT0_E
00017c9c W _ZStaNRSt13_Ios_FmtflagsS_
00017bd0 W _ZStanSt13_Ios_FmtflagsS_
00017c30 W _ZStcoSt13_Ios_Fmtflags
0001915c W _ZSteqIPNSt7__cxx1112basic_stringIcSt11char_traitsIcESaIcEEEEbRKSt13move_iteratorIT_ESB_
000192e4 r _ZStL10adopt_lock
000192dc r _ZStL10defer_lock
000192e0 r _ZStL11try_to_lock
000192d4 r _ZStL13allocator_arg
0001966c r _ZStL13allocator_arg
00019690 r _ZStL13allocator_arg
000192cc r _ZStL19piecewise_construct
00019664 r _ZStL19piecewise_construct
00019688 r _ZStL19piecewise_construct
000192d8 r _ZStL6ignore
00019670 r _ZStL6ignore
00019694 r _ZStL6ignore
0002b310 b _ZStL8__ioinit
0002b344 b _ZStL8__ioinit
0002b410 b _ZStL8__ioinit
         U _ZStlsIcSt11char_traitsIcESaIcEERSt13basic_ostreamIT_T0_ES7_RKNSt7__cxx1112basic_stringIS4_S5_T1_EE@GLIBCXX_3.4.21
         U _ZStlsISt11char_traitsIcEERSt13basic_ostreamIcT_ES5_PKc@GLIBCXX_3.4
00019078 W _ZStneIPNSt7__cxx1112basic_stringIcSt11char_traitsIcESaIcEEEEbRKSt13move_iteratorIT_ESB_
00017c58 W _ZStoRRSt13_Ios_FmtflagsS_
00017c00 W _ZStorSt13_Ios_FmtflagsS_
00017edc W _ZStplIcSt11char_traitsIcESaIcEENSt7__cxx1112basic_stringIT_T0_T1_EEOS8_PKS5_
00017f28 W _ZStplIcSt11char_traitsIcESaIcEENSt7__cxx1112basic_stringIT_T0_T1_EEOS8_RKS8_
00017e04 W _ZStplIcSt11char_traitsIcESaIcEENSt7__cxx1112basic_stringIT_T0_T1_EEPKS5_RKS8_
00017db8 W _ZStplIcSt11char_traitsIcESaIcEENSt7__cxx1112basic_stringIT_T0_T1_EERKS8_SA_
0002b314 b _ZZ11insert_portiiE1m
0002b32c b _ZZ8pop_portiE1m
000192d0 r _ZZL18__gthread_active_pvE20__gthread_active_ptr
